Archive member included to satisfy reference by file (symbol)

<TOOL_ROOT>/arm/bin/../lib/gcc/arm-none-eabi/14.3.1/thumb/v6-m/nofp\libgcc.a(_thumb1_case_shi.o)
                              CMakeFiles/project_button_watchdog.dir/PICO_SDK/src/rp2_common/pico_printf/printf.c.obj (__gnu_thumb1_case_shi)
<TOOL_ROOT>/arm/bin/../lib/gcc/arm-none-eabi/14.3.1/thumb/v6-m/nofp\libgcc.a(_dvmd_tls.o)
                              CMakeFiles/project_button_watchdog.dir/PICO_SDK/src/rp2_common/pico_divider/divider_hardware.S.obj (__aeabi_idiv0)
<TOOL_ROOT>/arm/bin/../lib/gcc/arm-none-eabi/14.3.1/thumb/v6-m/nofp\libgcc.a(_lshrdi3.o)
                              CMakeFiles/project_button_watchdog.dir/PICO_SDK/src/rp2_common/hardware_gpio/gpio.c.obj (__aeabi_llsr)
<TOOL_ROOT>/arm/bin/../lib/gcc/arm-none-eabi/14.3.1/thumb/v6-m/nofp\libgcc.a(_ashldi3.o)
                              CMakeFiles/project_button_watchdog.dir/PICO_SDK/src/rp2_common/pico_double/double_math.c.obj (__aeabi_llsl)
<TOOL_ROOT>/arm/bin/../lib/gcc/arm-none-eabi/14.3.1/../../../../arm-none-eabi/lib/thumb/v6-m/nofp\libg.a(libc_a-calloc.o)
                              CMakeFiles/project_button_watchdog.dir/PICO_SDK/src/rp2_common/pico_malloc/malloc.c.obj (calloc)
<TOOL_ROOT>/arm/bin/../lib/gcc/arm-none-eabi/14.3.1/../../../../arm-none-eabi/lib/thumb/v6-m/nofp\libg.a(libc_a-callocr.o)
                              <TOOL_ROOT>/arm/bin/../lib/gcc/arm-none-eabi/14.3.1/../../../../arm-none-eabi/lib/thumb/v6-m/nofp\libg.a(libc_a-calloc.o) (_calloc_r)
<TOOL_ROOT>/arm/bin/../lib/gcc/arm-none-eabi/14.3.1/../../../../arm-none-eabi/lib/thumb/v6-m/nofp\libg.a(libc_a-malloc.o)
                              CMakeFiles/project_button_watchdog.dir/PICO_SDK/src/rp2_common/pico_malloc/malloc.c.obj (malloc)
<TOOL_ROOT>/arm/bin/../lib/gcc/arm-none-eabi/14.3.1/../../../../arm-none-eabi/lib/thumb/v6-m/nofp\libg.a(libc_a-mallocr.o)
                              <TOOL_ROOT>/arm/bin/../lib/gcc/arm-none-eabi/14.3.1/../../../../arm-none-eabi/lib/thumb/v6-m/nofp\libg.a(libc_a-callocr.o) (_malloc_r)
<TOOL_ROOT>/arm/bin/../lib/gcc/arm-none-eabi/14.3.1/../../../../arm-none-eabi/lib/thumb/v6-m/nofp\libg.a(libc_a-mlock.o)
                              <TOOL_ROOT>/arm/bin/../lib/gcc/arm-none-eabi/14.3.1/../../../../arm-none-eabi/lib/thumb/v6-m/nofp\libg.a(libc_a-mallocr.o) (__malloc_lock)
<TOOL_ROOT>/arm/bin/../lib/gcc/arm-none-eabi/14.3.1/../../../../arm-none-eabi/lib/thumb/v6-m/nofp\libg.a(libc_a-realloc.o)
                              CMakeFiles/project_button_watchdog.dir/PICO_SDK/src/rp2_common/pico_malloc/malloc.c.obj (realloc)
<TOOL_ROOT>/arm/bin/../lib/gcc/arm-none-eabi/14.3.1/../../../../arm-none-eabi/lib/thumb/v6-m/nofp\libg.a(libc_a-reallocr.o)
                              <TOOL_ROOT>/arm/bin/../lib/gcc/arm-none-eabi/14.3.1/../../../../arm-none-eabi/lib/thumb/v6-m/nofp\libg.a(libc_a-realloc.o) (_realloc_r)
<TOOL_ROOT>/arm/bin/../lib/gcc/arm-none-eabi/14.3.1/../../../../arm-none-eabi/lib/thumb/v6-m/nofp\libg.a(libc_a-memcmp.o)
                              CMakeFiles/project_button_watchdog.dir/PICO_SDK/src/rp2_common/pico_atomic/atomic.c.obj (memcmp)
<TOOL_ROOT>/arm/bin/../lib/gcc/arm-none-eabi/14.3.1/../../../../arm-none-eabi/lib/thumb/v6-m/nofp\libg.a(libc_a-memmove.o)
                              <TOOL_ROOT>/arm/bin/../lib/gcc/arm-none-eabi/14.3.1/../../../../arm-none-eabi/lib/thumb/v6-m/nofp\libg.a(libc_a-reallocr.o) (memmove)
<TOOL_ROOT>/arm/bin/../lib/gcc/arm-none-eabi/14.3.1/../../../../arm-none-eabi/lib/thumb/v6-m/nofp\libg.a(libc_a-lcltime_r.o)
                              CMakeFiles/project_button_watchdog.dir/PICO_SDK/src/common/pico_util/datetime.c.obj (localtime_r)
<TOOL_ROOT>/arm/bin/../lib/gcc/arm-none-eabi/14.3.1/../../../../arm-none-eabi/lib/thumb/v6-m/nofp\libg.a(libc_a-mktime.o)
                              CMakeFiles/project_button_watchdog.dir/PICO_SDK/src/common/pico_util/datetime.c.obj (mktime)
<TOOL_ROOT>/arm/bin/../lib/gcc/arm-none-eabi/14.3.1/../../../../arm-none-eabi/lib/thumb/v6-m/nofp\libg.a(libc_a-month_lengths.o)
                              <TOOL_ROOT>/arm/bin/../lib/gcc/arm-none-eabi/14.3.1/../../../../arm-none-eabi/lib/thumb/v6-m/nofp\libg.a(libc_a-lcltime_r.o) (__month_lengths)
<TOOL_ROOT>/arm/bin/../lib/gcc/arm-none-eabi/14.3.1/../../../../arm-none-eabi/lib/thumb/v6-m/nofp\libg.a(libc_a-tzcalc_limits.o)
                              <TOOL_ROOT>/arm/bin/../lib/gcc/arm-none-eabi/14.3.1/../../../../arm-none-eabi/lib/thumb/v6-m/nofp\libg.a(libc_a-lcltime_r.o) (__tzcalc_limits)
<TOOL_ROOT>/arm/bin/../lib/gcc/arm-none-eabi/14.3.1/../../../../arm-none-eabi/lib/thumb/v6-m/nofp\libg.a(libc_a-tzlock.o)
                              <TOOL_ROOT>/arm/bin/../lib/gcc/arm-none-eabi/14.3.1/../../../../arm-none-eabi/lib/thumb/v6-m/nofp\libg.a(libc_a-lcltime_r.o) (__tz_lock)
<TOOL_ROOT>/arm/bin/../lib/gcc/arm-none-eabi/14.3.1/../../../../arm-none-eabi/lib/thumb/v6-m/nofp\libg.a(libc_a-tzset.o)
[...]
Memory Configuration

Name             Origin             Length             Attributes
FLASH            0x10000000         0x00200000         xr
XIP_RAM          0x15000000         0x00004000         xrw
RAM              0x20000000         0x00040000         xrw
SCRATCH_X        0x20040000         0x00001000         xrw
SCRATCH_Y        0x20041000         0x00001000         xrw
*default*        0x00000000         0xffffffff

Linker script and memory map

                0x20000000                        RAM_ORIGIN_DEFAULT = 0x20000000
                0x00040000                        RAM_LENGTH_DEFAULT = 0x40000
                0x20040000                        SCRATCH_X_ORIGIN_DEFAULT = 0x20040000
                0x00001000                        SCRATCH_X_LENGTH_DEFAULT = 0x1000
                0x20041000                        SCRATCH_Y_ORIGIN_DEFAULT = 0x20041000
                0x00001000                        SCRATCH_Y_LENGTH_DEFAULT = 0x1000
                0x15000000                        XIP_RAM_ORIGIN_DEFAULT = 0x15000000
                0x00004000                        XIP_RAM_LENGTH_DEFAULT = 0x4000
LOAD CMakeFiles/project_button_watchdog.dir/platform/pico/main.c.obj
LOAD CMakeFiles/project_button_watchdog.dir/src/pb_watchdog.c.obj
LOAD CMakeFiles/project_button_watchdog.dir/PICO_SDK/src/rp2_common/pico_stdlib/stdlib.c.obj
LOAD CMakeFiles/project_button_watchdog.dir/PICO_SDK/src/rp2_common/hardware_gpio/gpio.c.obj
LOAD CMakeFiles/project_button_watchdog.dir/PICO_SDK/src/rp2040/pico_platform/platform.c.obj
LOAD CMakeFiles/project_button_watchdog.dir/PICO_SDK/src/rp2_common/pico_platform_common/common.c.obj
LOAD CMakeFiles/project_button_watchdog.dir/PICO_SDK/src/rp2_common/pico_platform_panic/panic.c.obj
LOAD CMakeFiles/project_button_watchdog.dir/PICO_SDK/src/rp2_common/pico_platform_panic/custom_panic_function.S.obj
LOAD CMakeFiles/project_button_watchdog.dir/PICO_SDK/src/common/hardware_claim/claim.c.obj
LOAD CMakeFiles/project_button_watchdog.dir/PICO_SDK/src/rp2_common/hardware_sync/sync.c.obj
LOAD CMakeFiles/project_button_watchdog.dir/PICO_SDK/src/rp2_common/hardware_sync_spin_lock/sync_spin_lock.c.obj
LOAD CMakeFiles/project_button_watchdog.dir/PICO_SDK/src/rp2_common/hardware_irq/irq.c.obj
LOAD CMakeFiles/project_button_watchdog.dir/PICO_SDK/src/rp2_common/hardware_irq/irq_handler_chain.S.obj
LOAD CMakeFiles/project_button_watchdog.dir/PICO_SDK/src/common/pico_sync/sem.c.obj
LOAD CMakeFiles/project_button_watchdog.dir/PICO_SDK/src/common/pico_sync/lock_core.c.obj
LOAD CMakeFiles/project_button_watchdog.dir/PICO_SDK/src/common/pico_sync/mutex.c.obj
LOAD CMakeFiles/project_button_watchdog.dir/PICO_SDK/src/common/pico_sync/critical_section.c.obj
LOAD CMakeFiles/project_button_watchdog.dir/PICO_SDK/src/common/pico_time/time.c.obj
LOAD CMakeFiles/project_button_watchdog.dir/PICO_SDK/src/common/pico_time/timeout_helper.c.obj
LOAD CMakeFiles/project_button_watchdog.dir/PICO_SDK/src/rp2_common/hardware_timer/timer.c.obj
LOAD CMakeFiles/project_button_watchdog.dir/PICO_SDK/src/common/pico_util/datetime.c.obj
LOAD CMakeFiles/project_button_watchdog.dir/PICO_SDK/src/common/pico_util/fixed_bitset.c.obj
LOAD CMakeFiles/project_button_watchdog.dir/PICO_SDK/src/common/pico_util/pheap.c.obj
LOAD CMakeFiles/project_button_watchdog.dir/PICO_SDK/src/common/pico_util/queue.c.obj
LOAD CMakeFiles/project_button_watchdog.dir/PICO_SDK/src/rp2_common/hardware_uart/uart.c.obj
LOAD CMakeFiles/project_button_watchdog.dir/PICO_SDK/src/rp2_common/hardware_clocks/clocks.c.obj
LOAD CMakeFiles/project_button_watchdog.dir/PICO_SDK/src/rp2_common/hardware_pll/pll.c.obj
LOAD CMakeFiles/project_button_watchdog.dir/PICO_SDK/src/rp2_common/hardware_vreg/vreg.c.obj
LOAD CMakeFiles/project_button_watchdog.dir/PICO_SDK/src/rp2_common/hardware_watchdog/watchdog.c.obj
LOAD CMakeFiles/project_button_watchdog.dir/PICO_SDK/src/rp2_common/hardware_ticks/ticks.c.obj
LOAD CMakeFiles/project_button_watchdog.dir/PICO_SDK/src/rp2_common/pico_bootrom/bootrom.c.obj
LOAD CMakeFiles/project_button_watchdog.dir/PICO_SDK/src/rp2_common/pico_bootrom/bootrom_lock.c.obj
LOAD CMakeFiles/project_button_watchdog.dir/PICO_SDK/src/rp2_common/hardware_boot_lock/boot_lock.c.obj
LOAD CMakeFiles/project_button_watchdog.dir/PICO_SDK/src/rp2_common/pico_flash/flash.c.obj
LOAD CMakeFiles/project_button_watchdog.dir/PICO_SDK/src/rp2_common/hardware_xosc/xosc.c.obj
LOAD CMakeFiles/project_button_watchdog.dir/PICO_SDK/src/rp2_common/hardware_divider/divider.S.obj
LOAD CMakeFiles/project_button_watchdog.dir/PICO_SDK/src/rp2_common/pico_runtime/runtime.c.obj
LOAD CMakeFiles/project_button_watchdog.dir/PICO_SDK/src/rp2_common/pico_runtime_init/runtime_init.c.obj
LOAD CMakeFiles/project_button_watchdog.dir/PICO_SDK/src/rp2_common/pico_runtime_init/runtime_init_clocks.c.obj
LOAD CMakeFiles/project_button_watchdog.dir/PICO_SDK/src/rp2_common/pico_runtime_init/runtime_init_stack_guard.c.obj
LOAD CMakeFiles/project_button_watchdog.dir/PICO_SDK/src/rp2_common/hardware_rtc/rtc.c.obj
LOAD CMakeFiles/project_button_watchdog.dir/PICO_SDK/src/rp2_common/pico_bit_ops/bit_ops_aeabi.S.obj
LOAD CMakeFiles/project_button_watchdog.dir/PICO_SDK/src/rp2_common/pico_divider/divider_hardware.S.obj
LOAD CMakeFiles/project_button_watchdog.dir/PICO_SDK/src/rp2_common/pico_double/double_aeabi_rp2040.S.obj
LOAD CMakeFiles/project_button_watchdog.dir/PICO_SDK/src/rp2_common/pico_double/double_init_rom_rp2040.c.obj
LOAD CMakeFiles/project_button_watchdog.dir/PICO_SDK/src/rp2_common/pico_double/double_math.c.obj
LOAD CMakeFiles/project_button_watchdog.dir/PICO_SDK/src/rp2_common/pico_double/double_v1_rom_shim_rp2040.S.obj
LOAD CMakeFiles/project_button_watchdog.dir/PICO_SDK/src/rp2_common/pico_int64_ops/pico_int64_ops_aeabi.S.obj
LOAD CMakeFiles/project_button_watchdog.dir/PICO_SDK/src/rp2_common/pico_float/float_aeabi_rp2040.S.obj
LOAD CMakeFiles/project_button_watchdog.dir/PICO_SDK/src/rp2_common/pico_float/float_init_rom_rp2040.c.obj
LOAD CMakeFiles/project_button_watchdog.dir/PICO_SDK/src/rp2_common/pico_float/float_math.c.obj
LOAD CMakeFiles/project_button_watchdog.dir/PICO_SDK/src/rp2_common/pico_float/float_v1_rom_shim_rp2040.S.obj
LOAD CMakeFiles/project_button_watchdog.dir/PICO_SDK/src/rp2_common/pico_malloc/malloc.c.obj
LOAD CMakeFiles/project_button_watchdog.dir/PICO_SDK/src/rp2_common/pico_mem_ops/mem_ops_aeabi.S.obj
LOAD CMakeFiles/project_button_watchdog.dir/PICO_SDK/src/rp2_common/pico_atomic/atomic.c.obj
LOAD CMakeFiles/project_button_watchdog.dir/PICO_SDK/src/rp2_common/pico_cxx_options/new_delete.cpp.obj
LOAD CMakeFiles/project_button_watchdog.dir/PICO_SDK/src/rp2_common/pico_standard_binary_info/standard_binary_info.c.obj
LOAD CMakeFiles/project_button_watchdog.dir/PICO_SDK/src/rp2_common/pico_printf/printf.c.obj
LOAD CMakeFiles/project_button_watchdog.dir/PICO_SDK/src/rp2_common/pico_crt0/crt0.S.obj
LOAD CMakeFiles/project_button_watchdog.dir/PICO_SDK/src/rp2_common/pico_clib_interface/newlib_interface.c.obj
LOAD CMakeFiles/project_button_watchdog.dir/PICO_SDK/src/rp2_common/pico_clib_interface/cxa_guard.c.obj
LOAD CMakeFiles/project_button_watchdog.dir/PICO_SDK/src/rp2_common/pico_stdio/stdio.c.obj
LOAD CMakeFiles/project_button_watchdog.dir/PICO_SDK/src/rp2_common/pico_thread_local/thread_local.c.obj
LOAD pico-sdk/src/rp2040/boot_stage2/CMakeFiles/bs2_default_library.dir/./bs2_default_padded_checksummed.S.obj
LOAD <TOOL_ROOT>/arm/bin/../lib/gcc/arm-none-eabi/14.3.1/../../../../arm-none-eabi/lib/thumb/v6-m/nofp\libstdc++.a
LOAD <TOOL_ROOT>/arm/bin/../lib/gcc/arm-none-eabi/14.3.1/../../../../arm-none-eabi/lib/thumb/v6-m/nofp\libm.a
START GROUP
LOAD <TOOL_ROOT>/arm/bin/../lib/gcc/arm-none-eabi/14.3.1/thumb/v6-m/nofp\libgcc.a
LOAD <TOOL_ROOT>/arm/bin/../lib/gcc/arm-none-eabi/14.3.1/../../../../arm-none-eabi/lib/thumb/v6-m/nofp\libg.a
LOAD <TOOL_ROOT>/arm/bin/../lib/gcc/arm-none-eabi/14.3.1/../../../../arm-none-eabi/lib/thumb/v6-m/nofp\libc.a
END GROUP
                0x20000000                        PROVIDE (RAM_ORIGIN = RAM_ORIGIN_DEFAULT)
                0x00040000                        PROVIDE (RAM_LENGTH = RAM_LENGTH_DEFAULT)
                0x20040000                        PROVIDE (SCRATCH_X_ORIGIN = SCRATCH_X_ORIGIN_DEFAULT)
                0x00001000                        PROVIDE (SCRATCH_X_LENGTH = SCRATCH_X_LENGTH_DEFAULT)
                0x20041000                        PROVIDE (SCRATCH_Y_ORIGIN = SCRATCH_Y_ORIGIN_DEFAULT)
                0x00001000                        PROVIDE (SCRATCH_Y_LENGTH = SCRATCH_Y_LENGTH_DEFAULT)
                0x15000000                        PROVIDE (XIP_RAM_ORIGIN = XIP_RAM_ORIGIN_DEFAULT)
                0x00004000                        PROVIDE (XIP_RAM_LENGTH = XIP_RAM_LENGTH_DEFAULT)
                0x20000000                        RAM_ORIGIN = DEFINED (RAM_ORIGIN)?RAM_ORIGIN:RAM_ORIGIN_DEFAULT
                0x00040000                        RAM_LENGTH = DEFINED (RAM_LENGTH)?RAM_LENGTH:RAM_LENGTH_DEFAULT
                0x20040000                        SCRATCH_X_ORIGIN = DEFINED (SCRATCH_X_ORIGIN)?SCRATCH_X_ORIGIN:SCRATCH_X_ORIGIN_DEFAULT
                0x00001000                        SCRATCH_X_LENGTH = DEFINED (SCRATCH_X_LENGTH)?SCRATCH_X_LENGTH:SCRATCH_X_LENGTH_DEFAULT
                0x20041000                        SCRATCH_Y_ORIGIN = DEFINED (SCRATCH_Y_ORIGIN)?SCRATCH_Y_ORIGIN:SCRATCH_Y_ORIGIN_DEFAULT
                0x00001000                        SCRATCH_Y_LENGTH = DEFINED (SCRATCH_Y_LENGTH)?SCRATCH_Y_LENGTH:SCRATCH_Y_LENGTH_DEFAULT
                0x15000000                        XIP_RAM_ORIGIN = DEFINED (XIP_RAM_ORIGIN)?XIP_RAM_ORIGIN:XIP_RAM_ORIGIN_DEFAULT
                0x00004000                        XIP_RAM_LENGTH = DEFINED (XIP_RAM_LENGTH)?XIP_RAM_LENGTH:XIP_RAM_LENGTH_DEFAULT

.flash_begin    0x10000000        0x0
                0x10000000                        __flash_binary_start = .

.boot2          0x10000000      0x100
                0x10000000                        __boot2_start__ = .
 *(.boot2)
 .boot2         0x10000000      0x100 pico-sdk/src/rp2040/boot_stage2/CMakeFiles/bs2_default_library.dir/./bs2_default_padded_checksummed.S.obj
                0x10000100                        __boot2_end__ = .
                0x00000001                        ASSERT (((__boot2_end__ - __boot2_start__) == 0x100), ERROR: Pico second stage bootloader must be exactly 256 bytes in size for RP2040)

.text           0x10000100     0x19bc
                0x10000100                        __logical_binary_start = .
 *(.vectors)
 .vectors       0x10000100       0xd4 CMakeFiles/project_button_watchdog.dir/PICO_SDK/src/rp2_common/pico_crt0/crt0.S.obj
                0x10000100                __VECTOR_TABLE
                0x10000100                __vectors
                0x100001c0                isr_irq13
                0x100001c0                isr_irq27
                0x100001c0                isr_irq31
                0x100001c0                isr_irq12
                0x100001c0                isr_irq5
                0x100001c0                isr_irq11
                0x100001c0                isr_irq3
                0x100001c0                isr_irq23
                0x100001c0                __unhandled_user_irq
                0x100001c0                isr_irq26
                0x100001c0                isr_irq28
                0x100001c0                isr_irq19
                0x100001c0                isr_irq0
                0x100001c0                isr_irq6
                0x100001c0                isr_irq29
                0x100001c0                isr_irq16
                0x100001c0                isr_irq22
                0x100001c0                isr_irq18
                0x100001c0                isr_irq17
                0x100001c0                isr_irq14
                0x100001c0                __vectors_end
                0x100001c0                __default_isrs_start
                0x100001c0                isr_irq2
                0x100001c0                isr_irq10
                0x100001c0                isr_irq8
                0x100001c0                isr_irq24
                0x100001c0                isr_irq1
                0x100001c0                isr_irq7
                0x100001c0                isr_irq21
                0x100001c0                isr_irq20
                0x100001c0                isr_irq15
                0x100001c0                isr_irq25
                0x100001c0                isr_irq4
                0x100001c0                isr_irq30
                0x100001c0                isr_irq9
                0x100001c6                unhandled_user_irq_num_in_r0
                0x100001c8                isr_invalid
                0x100001ca                isr_nmi
                0x100001cc                isr_hardfault
                0x100001ce                isr_svcall
                0x100001d0                isr_pendsv
                0x100001d2                isr_systick
                0x100001d4                __default_isrs_end
 *(.binary_info_header)
 .binary_info_header
                0x100001d4       0x14 CMakeFiles/project_button_watchdog.dir/PICO_SDK/src/rp2_common/pico_crt0/crt0.S.obj
                0x100001e8                        __binary_info_header_end = .
 *(.embedded_block)
                0x100001e8                        __embedded_block_end = .
 *(.reset)
 .reset         0x100001e8       0x98 CMakeFiles/project_button_watchdog.dir/PICO_SDK/src/rp2_common/pico_crt0/crt0.S.obj
                0x100001e8                _entry_point
 *(.init)
 SORT_BY_NAME(REVERSE(*libgcc.a:cmse_nonsecure_call.o))()
 *(EXCLUDE_FILE(*libm.a: *lib*_a-mem*.o *libc.a: *libgcc.a:) .text*)
 .text.initialize_drive_off
                0x10000280       0x26 CMakeFiles/project_button_watchdog.dir/platform/pico/main.c.obj
 .text.initialize_input
                0x100002a6       0x28 CMakeFiles/project_button_watchdog.dir/platform/pico/main.c.obj
 .text.startup.main
                0x100002ce       0xcc CMakeFiles/project_button_watchdog.dir/platform/pico/main.c.obj
                0x100002ce                main
 .text.pb_wd_init
                0x1000039a       0x1a CMakeFiles/project_button_watchdog.dir/src/pb_watchdog.c.obj
                0x1000039a                pb_wd_init
 .text.pb_wd_step
                0x100003b4      0x10e CMakeFiles/project_button_watchdog.dir/src/pb_watchdog.c.obj
                0x100003b4                pb_wd_step
 *fill*         0x100004c2        0x2
 .text.gpio_set_function
                0x100004c4       0x30 CMakeFiles/project_button_watchdog.dir/PICO_SDK/src/rp2_common/hardware_gpio/gpio.c.obj
                0x100004c4                gpio_set_function
 .text.gpio_set_pulls
                0x100004f4       0x24 CMakeFiles/project_button_watchdog.dir/PICO_SDK/src/rp2_common/hardware_gpio/gpio.c.obj
                0x100004f4                gpio_set_pulls
 .text.gpio_set_input_hysteresis_enabled
                0x10000518       0x1c CMakeFiles/project_button_watchdog.dir/PICO_SDK/src/rp2_common/hardware_gpio/gpio.c.obj
                0x10000518                gpio_set_input_hysteresis_enabled
 .text.gpio_set_slew_rate
                0x10000534       0x20 CMakeFiles/project_button_watchdog.dir/PICO_SDK/src/rp2_common/hardware_gpio/gpio.c.obj
                0x10000534                gpio_set_slew_rate
 .text.gpio_set_drive_strength
                0x10000554       0x20 CMakeFiles/project_button_watchdog.dir/PICO_SDK/src/rp2_common/hardware_gpio/gpio.c.obj
                0x10000554                gpio_set_drive_strength
 .text.gpio_init
                0x10000574       0x16 CMakeFiles/project_button_watchdog.dir/PICO_SDK/src/rp2_common/hardware_gpio/gpio.c.obj
                0x10000574                gpio_init
 *fill*         0x1000058a        0x2
 .text.panic    0x1000058c       0x30 CMakeFiles/project_button_watchdog.dir/PICO_SDK/src/rp2_common/pico_platform_panic/panic.c.obj
                0x1000058c                panic
 .text.hw_claim_lock
                0x100005bc       0x18 CMakeFiles/project_button_watchdog.dir/PICO_SDK/src/common/hardware_claim/claim.c.obj
                0x100005bc                hw_claim_lock
 .text.hw_claim_unlock
                0x100005d4       0x14 CMakeFiles/project_button_watchdog.dir/PICO_SDK/src/common/hardware_claim/claim.c.obj
                0x100005d4                hw_claim_unlock
 .text.hw_is_claimed
                0x100005e8       0x16 CMakeFiles/project_button_watchdog.dir/PICO_SDK/src/common/hardware_claim/claim.c.obj
                0x100005e8                hw_is_claimed
 .text.hw_claim_or_assert
                0x100005fe       0x3a CMakeFiles/project_button_watchdog.dir/PICO_SDK/src/common/hardware_claim/claim.c.obj
                0x100005fe                hw_claim_or_assert
 .text.next_striped_spin_lock_num
                0x10000638       0x18 CMakeFiles/project_button_watchdog.dir/PICO_SDK/src/rp2_common/hardware_sync/sync.c.obj
                0x10000638                next_striped_spin_lock_num
 .text.spin_locks_reset
                0x10000650       0x1c CMakeFiles/project_button_watchdog.dir/PICO_SDK/src/rp2_common/hardware_sync_spin_lock/sync_spin_lock.c.obj
                0x10000650                spin_locks_reset
 .text.set_raw_irq_handler_and_unlock
                0x1000066c       0x28 CMakeFiles/project_button_watchdog.dir/PICO_SDK/src/rp2_common/hardware_irq/irq.c.obj
 .text.runtime_init_per_core_irq_priorities
                0x10000694       0x24 CMakeFiles/project_button_watchdog.dir/PICO_SDK/src/rp2_common/hardware_irq/irq.c.obj
                0x10000694                runtime_init_per_core_irq_priorities
 .text.irq_set_enabled
                0x100006b8       0x28 CMakeFiles/project_button_watchdog.dir/PICO_SDK/src/rp2_common/hardware_irq/irq.c.obj
                0x100006b8                irq_set_enabled
 .text.irq_get_vtable_handler
                0x100006e0       0x10 CMakeFiles/project_button_watchdog.dir/PICO_SDK/src/rp2_common/hardware_irq/irq.c.obj
                0x100006e0                irq_get_vtable_handler
 .text.irq_set_exclusive_handler
                0x100006f0       0x40 CMakeFiles/project_button_watchdog.dir/PICO_SDK/src/rp2_common/hardware_irq/irq.c.obj
                0x100006f0                irq_set_exclusive_handler
 .text.lock_init
                0x10000730       0x10 CMakeFiles/project_button_watchdog.dir/PICO_SDK/src/common/pico_sync/lock_core.c.obj
                0x10000730                lock_init
 .text.mutex_init
                0x10000740       0x1a CMakeFiles/project_button_watchdog.dir/PICO_SDK/src/common/pico_sync/mutex.c.obj
                0x10000740                mutex_init
 .text.recursive_mutex_init
                0x1000075a       0x1a CMakeFiles/project_button_watchdog.dir/PICO_SDK/src/common/pico_sync/mutex.c.obj
                0x1000075a                recursive_mutex_init
 .text.runtime_init_mutex
                0x10000774       0x2c CMakeFiles/project_button_watchdog.dir/PICO_SDK/src/common/pico_sync/mutex.c.obj
                0x10000774                runtime_init_mutex
 .text.sleep_until_callback
                0x100007a0       0x30 CMakeFiles/project_button_watchdog.dir/PICO_SDK/src/common/pico_time/time.c.obj
 .text.alarm_pool_post_alloc_init
                0x100007d0       0x7c CMakeFiles/project_button_watchdog.dir/PICO_SDK/src/common/pico_time/time.c.obj
 .text.runtime_init_default_alarm_pool
                0x1000084c       0x34 CMakeFiles/project_button_watchdog.dir/PICO_SDK/src/common/pico_time/time.c.obj
                0x1000084c                runtime_init_default_alarm_pool
 .text.time_reached
                0x10000880       0x24 CMakeFiles/project_button_watchdog.dir/PICO_SDK/src/common/pico_time/time.c.obj
 .text.alarm_pool_irq_handler
                0x100008a4      0x274 CMakeFiles/project_button_watchdog.dir/PICO_SDK/src/common/pico_time/time.c.obj
 .text.alarm_pool_add_alarm_at_force_in_context
                0x10000b18       0xa0 CMakeFiles/project_button_watchdog.dir/PICO_SDK/src/common/pico_time/time.c.obj
                0x10000b18                alarm_pool_add_alarm_at_force_in_context
 .text.alarm_pool_add_alarm_at
                0x10000bb8       0x38 CMakeFiles/project_button_watchdog.dir/PICO_SDK/src/common/pico_time/time.c.obj
                0x10000bb8                alarm_pool_add_alarm_at
 .text.alarm_pool_cancel_alarm
                0x10000bf0       0x68 CMakeFiles/project_button_watchdog.dir/PICO_SDK/src/common/pico_time/time.c.obj
                0x10000bf0                alarm_pool_cancel_alarm
 .text.best_effort_wfe_or_timeout
                0x10000c58       0xac CMakeFiles/project_button_watchdog.dir/PICO_SDK/src/common/pico_time/time.c.obj
                0x10000c58                best_effort_wfe_or_timeout
 .text.timer_hardware_alarm_claim
                0x10000d04       0x14 CMakeFiles/project_button_watchdog.dir/PICO_SDK/src/rp2_common/hardware_timer/timer.c.obj
                0x10000d04                timer_hardware_alarm_claim
 .text.timer_time_us_64
                0x10000d18       0x10 CMakeFiles/project_button_watchdog.dir/PICO_SDK/src/rp2_common/hardware_timer/timer.c.obj
                0x10000d18                timer_time_us_64
 .text.timer_busy_wait_until
                0x10000d28       0x16 CMakeFiles/project_button_watchdog.dir/PICO_SDK/src/rp2_common/hardware_timer/timer.c.obj
                0x10000d28                timer_busy_wait_until
 .text.timer_busy_wait_us
                0x10000d3e       0x30 CMakeFiles/project_button_watchdog.dir/PICO_SDK/src/rp2_common/hardware_timer/timer.c.obj
                0x10000d3e                timer_busy_wait_us
 *fill*         0x10000d6e        0x2
 .text.time_us_64
                0x10000d70       0x10 CMakeFiles/project_button_watchdog.dir/PICO_SDK/src/rp2_common/hardware_timer/timer.c.obj
                0x10000d70                time_us_64
 .text.busy_wait_us
                0x10000d80       0x14 CMakeFiles/project_button_watchdog.dir/PICO_SDK/src/rp2_common/hardware_timer/timer.c.obj
                0x10000d80                busy_wait_us
 .text.timer_busy_wait_us_32
                0x10000d94       0x1c CMakeFiles/project_button_watchdog.dir/PICO_SDK/src/rp2_common/hardware_timer/timer.c.obj
                0x10000d94                timer_busy_wait_us_32
 .text.busy_wait_us_32
                0x10000db0       0x10 CMakeFiles/project_button_watchdog.dir/PICO_SDK/src/rp2_common/hardware_timer/timer.c.obj
                0x10000db0                busy_wait_us_32
 .text.clock_configure_internal
                0x10000dc0       0xa8 CMakeFiles/project_button_watchdog.dir/PICO_SDK/src/rp2_common/hardware_clocks/clocks.c.obj
 .text.clock_configure_int_divider
                0x10000e68       0x24 CMakeFiles/project_button_watchdog.dir/PICO_SDK/src/rp2_common/hardware_clocks/clocks.c.obj
                0x10000e68                clock_configure_int_divider
 .text.clock_configure_undivided
                0x10000e8c        0xe CMakeFiles/project_button_watchdog.dir/PICO_SDK/src/rp2_common/hardware_clocks/clocks.c.obj
                0x10000e8c                clock_configure_undivided
 *fill*         0x10000e9a        0x2
 .text.clock_get_hz
                0x10000e9c        0xc CMakeFiles/project_button_watchdog.dir/PICO_SDK/src/rp2_common/hardware_clocks/clocks.c.obj
                0x10000e9c                clock_get_hz
 .text.pll_init
                0x10000ea8       0x9c CMakeFiles/project_button_watchdog.dir/PICO_SDK/src/rp2_common/hardware_pll/pll.c.obj
                0x10000ea8                pll_init
 .text.watchdog_update
                0x10000f44       0x14 CMakeFiles/project_button_watchdog.dir/PICO_SDK/src/rp2_common/hardware_watchdog/watchdog.c.obj
                0x10000f44                watchdog_update
 .text._watchdog_enable
                0x10000f58       0x64 CMakeFiles/project_button_watchdog.dir/PICO_SDK/src/rp2_common/hardware_watchdog/watchdog.c.obj
                0x10000f58                _watchdog_enable
 .text.watchdog_enable
                0x10000fbc       0x18 CMakeFiles/project_button_watchdog.dir/PICO_SDK/src/rp2_common/hardware_watchdog/watchdog.c.obj
                0x10000fbc                watchdog_enable
 .text.tick_start
                0x10000fd4       0x10 CMakeFiles/project_button_watchdog.dir/PICO_SDK/src/rp2_common/hardware_ticks/ticks.c.obj
                0x10000fd4                tick_start
 .text.rom_func_lookup
                0x10000fe4       0x10 CMakeFiles/project_button_watchdog.dir/PICO_SDK/src/rp2_common/pico_bootrom/bootrom.c.obj
                0x10000fe4                rom_func_lookup
 .text.rom_data_lookup
                0x10000ff4       0x10 CMakeFiles/project_button_watchdog.dir/PICO_SDK/src/rp2_common/pico_bootrom/bootrom.c.obj
                0x10000ff4                rom_data_lookup
 .text.rom_funcs_lookup
                0x10001004       0x24 CMakeFiles/project_button_watchdog.dir/PICO_SDK/src/rp2_common/pico_bootrom/bootrom.c.obj
                0x10001004                rom_funcs_lookup
 .text.xosc_init
                0x10001028       0x28 CMakeFiles/project_button_watchdog.dir/PICO_SDK/src/rp2_common/hardware_xosc/xosc.c.obj
                0x10001028                xosc_init
 .text.first_per_core_initializer
                0x10001050        0x2 CMakeFiles/project_button_watchdog.dir/PICO_SDK/src/rp2_common/pico_runtime/runtime.c.obj
 *fill*         0x10001052        0x2
 .text.hard_assertion_failure
                0x10001054        0xc CMakeFiles/project_button_watchdog.dir/PICO_SDK/src/rp2_common/pico_runtime/runtime.c.obj
                0x10001054                hard_assertion_failure
 .text.runtime_run_initializers
                0x10001060       0x1c CMakeFiles/project_button_watchdog.dir/PICO_SDK/src/rp2_common/pico_runtime/runtime.c.obj
                0x10001060                runtime_run_initializers
 .text.runtime_init_early_resets
                0x1000107c       0x2c CMakeFiles/project_button_watchdog.dir/PICO_SDK/src/rp2_common/pico_runtime_init/runtime_init.c.obj
                0x1000107c                runtime_init_early_resets
 .text.runtime_init_usb_power_down
                0x100010a8       0x1c CMakeFiles/project_button_watchdog.dir/PICO_SDK/src/rp2_common/pico_runtime_init/runtime_init.c.obj
                0x100010a8                runtime_init_usb_power_down
 .text.runtime_init_post_clock_resets
                0x100010c4       0x20 CMakeFiles/project_button_watchdog.dir/PICO_SDK/src/rp2_common/pico_runtime_init/runtime_init.c.obj
                0x100010c4                runtime_init_post_clock_resets
 .text.runtime_init_rp2040_gpio_ie_disable
                0x100010e4       0x14 CMakeFiles/project_button_watchdog.dir/PICO_SDK/src/rp2_common/pico_runtime_init/runtime_init.c.obj
                0x100010e4                runtime_init_rp2040_gpio_ie_disable
 .text.runtime_init_spin_locks_reset
                0x100010f8        0x8 CMakeFiles/project_button_watchdog.dir/PICO_SDK/src/rp2_common/pico_runtime_init/runtime_init.c.obj
                0x100010f8                runtime_init_spin_locks_reset
 .text.runtime_init_install_ram_vector_table
                0x10001100       0x44 CMakeFiles/project_button_watchdog.dir/PICO_SDK/src/rp2_common/pico_runtime_init/runtime_init.c.obj
                0x10001100                runtime_init_install_ram_vector_table
 .text.runtime_init_clocks
                0x10001144       0xd4 CMakeFiles/project_button_watchdog.dir/PICO_SDK/src/rp2_common/pico_runtime_init/runtime_init_clocks.c.obj
                0x10001144                runtime_init_clocks
 .text          0x10001218       0x10 CMakeFiles/project_button_watchdog.dir/PICO_SDK/src/rp2_common/pico_bit_ops/bit_ops_aeabi.S.obj
 .text.__wrap___aeabi_uidiv
                0x10001228       0x4c CMakeFiles/project_button_watchdog.dir/PICO_SDK/src/rp2_common/pico_divider/divider_hardware.S.obj
                0x10001228                __wrap___aeabi_uidivmod
                0x10001228                div_u32u32
                0x10001228                divmod_u32u32
                0x10001228                __wrap___aeabi_uidiv
                0x10001258                divmod_u32u32_savestate
 .text.__wrap___aeabi_ldiv
                0x10001274      0x424 CMakeFiles/project_button_watchdog.dir/PICO_SDK/src/rp2_common/pico_divider/divider_hardware.S.obj
                0x10001274                div_s64s64
                0x10001274                divmod_s64s64
                0x10001274                __wrap___aeabi_ldivmod
                0x100012a4                divmod_u64u64
                0x100012a4                div_u64u64
                0x100012a4                __wrap___aeabi_uldivmod
                0x100012b4                divmod_u64u64_savestate
                0x100012d4                divmod_s64s64_unsafe
                0x1000135c                divmod_u64u64_unsafe
 .text.__aeabi_double_init
                0x10001698       0x64 CMakeFiles/project_button_watchdog.dir/PICO_SDK/src/rp2_common/pico_double/double_init_rom_rp2040.c.obj
                0x10001698                __aeabi_double_init
 .text.double_table_shim_on_use_helper
                0x100016fc       0x2c CMakeFiles/project_button_watchdog.dir/PICO_SDK/src/rp2_common/pico_double/double_v1_rom_shim_rp2040.S.obj
                0x100016fc                double_table_shim_on_use_helper
 .text.__aeabi_float_init
                0x10001728       0x5c CMakeFiles/project_button_watchdog.dir/PICO_SDK/src/rp2_common/pico_float/float_init_rom_rp2040.c.obj
                0x10001728                __aeabi_float_init
 .text.float_table_shim_on_use_helper
                0x10001784       0x2c CMakeFiles/project_button_watchdog.dir/PICO_SDK/src/rp2_common/pico_float/float_v1_rom_shim_rp2040.S.obj
                0x10001784                float_table_shim_on_use_helper
 .text          0x100017b0       0x10 CMakeFiles/project_button_watchdog.dir/PICO_SDK/src/rp2_common/pico_mem_ops/mem_ops_aeabi.S.obj
                0x100017b0                __aeabi_mem_init
 .text.memset   0x100017c0        0xc CMakeFiles/project_button_watchdog.dir/PICO_SDK/src/rp2_common/pico_mem_ops/mem_ops_aeabi.S.obj
                0x100017c0                __wrap_memset
 .text.memcpy   0x100017cc        0xc CMakeFiles/project_button_watchdog.dir/PICO_SDK/src/rp2_common/pico_mem_ops/mem_ops_aeabi.S.obj
                0x100017cc                __wrap_memcpy
                0x100017cc                __wrap___aeabi_memcpy
 .text._out_char
                0x100017d8        0xc CMakeFiles/project_button_watchdog.dir/PICO_SDK/src/rp2_common/pico_printf/printf.c.obj
 .text.weak_raw_vprintf
                0x100017e4       0x34 CMakeFiles/project_button_watchdog.dir/PICO_SDK/src/rp2_common/pico_printf/printf.c.obj
                0x100017e4                weak_raw_vprintf
 .text._exit    0x10001818        0x4 CMakeFiles/project_button_watchdog.dir/PICO_SDK/src/rp2_common/pico_clib_interface/newlib_interface.c.obj
                0x10001818                _exit
 .text._fini    0x1000181c        0x2 CMakeFiles/project_button_watchdog.dir/PICO_SDK/src/rp2_common/pico_clib_interface/newlib_interface.c.obj
                0x1000181c                _fini
 .text.exit     0x1000181e        0x6 CMakeFiles/project_button_watchdog.dir/PICO_SDK/src/rp2_common/pico_clib_interface/newlib_interface.c.obj
                0x1000181e                exit
 .text.runtime_init
                0x10001824       0x20 CMakeFiles/project_button_watchdog.dir/PICO_SDK/src/rp2_common/pico_clib_interface/newlib_interface.c.obj
                0x10001824                runtime_init
 .text.stdio_out_chars_no_crlf
                0x10001844        0xe CMakeFiles/project_button_watchdog.dir/PICO_SDK/src/rp2_common/pico_stdio/stdio.c.obj
 *fill*         0x10001852        0x2
 .text.stdio_out_chars_crlf
                0x10001854       0x80 CMakeFiles/project_button_watchdog.dir/PICO_SDK/src/rp2_common/pico_stdio/stdio.c.obj
 .text.stdout_serialize_begin
                0x100018d4       0x2c CMakeFiles/project_button_watchdog.dir/PICO_SDK/src/rp2_common/pico_stdio/stdio.c.obj
                0x100018d4                stdout_serialize_begin
 .text.stdout_serialize_end
                0x10001900       0x10 CMakeFiles/project_button_watchdog.dir/PICO_SDK/src/rp2_common/pico_stdio/stdio.c.obj
                0x10001900                stdout_serialize_end
 .text.stdio_put_string
                0x10001910       0x80 CMakeFiles/project_button_watchdog.dir/PICO_SDK/src/rp2_common/pico_stdio/stdio.c.obj
                0x10001910                stdio_put_string
 .text.stdio_flush
                0x10001990       0x1c CMakeFiles/project_button_watchdog.dir/PICO_SDK/src/rp2_common/pico_stdio/stdio.c.obj
                0x10001990                stdio_flush
 .text.__wrap_putchar
                0x100019ac       0x18 CMakeFiles/project_button_watchdog.dir/PICO_SDK/src/rp2_common/pico_stdio/stdio.c.obj
                0x100019ac                __wrap_putchar
                0x100019ac                stdio_putchar
 .text.__wrap_puts
                0x100019c4       0x1e CMakeFiles/project_button_watchdog.dir/PICO_SDK/src/rp2_common/pico_stdio/stdio.c.obj
                0x100019c4                stdio_puts
                0x100019c4                __wrap_puts
 *fill*         0x100019e2        0x2
 .text.strlen   0x100019e4       0x5c <TOOL_ROOT>/arm/bin/../lib/gcc/arm-none-eabi/14.3.1/../../../../arm-none-eabi/lib/thumb/v6-m/nofp\libg.a(libc_a-strlen-stub.o)
                0x100019e4                strlen
 .text.strlen.__stub
                0x10001a40       0x40 linker stubs
 *(.fini)
 *crtbegin.o(.ctors)
 *crtbegin?.o(.ctors)
 *(EXCLUDE_FILE(*crtend.o *crtend?.o) .ctors)
 *(SORT_BY_NAME(.ctors.*))
 *(.ctors)
 *crtbegin.o(.dtors)
 *crtbegin?.o(.dtors)
 *(EXCLUDE_FILE(*crtend.o *crtend?.o) .dtors)
 *(SORT_BY_NAME(.dtors.*))
 *(.dtors)
                0x10001a80                        . = ALIGN (0x4)
                [!provide]                        PROVIDE (__bothinit_array_start = .)
                0x10001a80                        PROVIDE (__preinit_array_start = .)
 *(SORT_BY_NAME(.preinit_array.*))
 .preinit_array.00100
                0x10001a80        0x4 CMakeFiles/project_button_watchdog.dir/PICO_SDK/src/rp2_common/pico_runtime_init/runtime_init.c.obj
                0x10001a80                __pre_init_runtime_init_early_resets
 .preinit_array.00101
                0x10001a84        0x4 CMakeFiles/project_button_watchdog.dir/PICO_SDK/src/rp2_common/pico_runtime_init/runtime_init.c.obj
                0x10001a84                __pre_init_runtime_init_usb_power_down
 .preinit_array.00275
                0x10001a88        0x4 CMakeFiles/project_button_watchdog.dir/PICO_SDK/src/rp2_common/pico_bit_ops/bit_ops_aeabi.S.obj
 .preinit_array.00300
                0x10001a8c        0x4 CMakeFiles/project_button_watchdog.dir/PICO_SDK/src/rp2_common/pico_mem_ops/mem_ops_aeabi.S.obj
 .preinit_array.00350
                0x10001a90        0x4 CMakeFiles/project_button_watchdog.dir/PICO_SDK/src/rp2_common/pico_double/double_aeabi_rp2040.S.obj
 .preinit_array.00350
                0x10001a94        0x4 CMakeFiles/project_button_watchdog.dir/PICO_SDK/src/rp2_common/pico_float/float_aeabi_rp2040.S.obj
 .preinit_array.00500
                0x10001a98        0x4 CMakeFiles/project_button_watchdog.dir/PICO_SDK/src/rp2_common/pico_runtime_init/runtime_init.c.obj
                0x10001a98                __pre_init_runtime_init_clocks
 .preinit_array.00600
                0x10001a9c        0x4 CMakeFiles/project_button_watchdog.dir/PICO_SDK/src/rp2_common/pico_runtime_init/runtime_init.c.obj
                0x10001a9c                __pre_init_runtime_init_post_clock_resets
 .preinit_array.00700
                0x10001aa0        0x4 CMakeFiles/project_button_watchdog.dir/PICO_SDK/src/rp2_common/pico_runtime_init/runtime_init.c.obj
                0x10001aa0                __pre_init_runtime_init_rp2040_gpio_ie_disable
 .preinit_array.01000
                0x10001aa4        0x4 CMakeFiles/project_button_watchdog.dir/PICO_SDK/src/rp2_common/pico_runtime_init/runtime_init.c.obj
                0x10001aa4                __pre_init_runtime_init_spin_locks_reset
 .preinit_array.01100
                0x10001aa8        0x4 CMakeFiles/project_button_watchdog.dir/PICO_SDK/src/common/pico_sync/mutex.c.obj
                0x10001aa8                __pre_init_runtime_init_mutex
 .preinit_array.10080
                0x10001aac        0x4 CMakeFiles/project_button_watchdog.dir/PICO_SDK/src/rp2_common/pico_runtime_init/runtime_init.c.obj
                0x10001aac                __pre_init_runtime_init_install_ram_vector_table
 .preinit_array.11000
                0x10001ab0        0x4 CMakeFiles/project_button_watchdog.dir/PICO_SDK/src/common/pico_time/time.c.obj
                0x10001ab0                __pre_init_runtime_init_default_alarm_pool
 .preinit_array.YYYYY
                0x10001ab4        0x4 CMakeFiles/project_button_watchdog.dir/PICO_SDK/src/rp2_common/pico_runtime/runtime.c.obj
                0x10001ab4                __pre_init_first_per_core_initializer
 .preinit_array.ZZZZZ.01200
                0x10001ab8        0x4 CMakeFiles/project_button_watchdog.dir/PICO_SDK/src/rp2_common/hardware_irq/irq.c.obj
                0x10001ab8                __pre_init_runtime_init_per_core_irq_priorities
 *(.preinit_array)
                0x10001abc                        PROVIDE (__preinit_array_end = .)
                0x10001abc                        . = ALIGN (0x4)
                0x10001abc                        PROVIDE (__init_array_start = .)
 *(SORT_BY_NAME(.init_array.*))
 *(.init_array)
                0x10001abc                        PROVIDE (__init_array_end = .)
                [!provide]                        PROVIDE (__bothinit_array_end = .)
                0x10001abc                        . = ALIGN (0x4)
                [!provide]                        PROVIDE (__fini_array_start = .)
 *(SORT_BY_NAME(.fini_array.*))
 *(.fini_array)
                [!provide]                        PROVIDE (__fini_array_end = .)
                [!provide]                        PROVIDE (__dso_handle = 0x0)
 *(.eh_frame*)
                0x10001abc                        . = ALIGN (0x4)

.glue_7         0x10001abc        0x0
 .glue_7        0x10001abc        0x0 linker stubs

.glue_7t        0x10001abc        0x0
 .glue_7t       0x10001abc        0x0 linker stubs

.vfp11_veneer   0x10001abc        0x0
 .vfp11_veneer  0x10001abc        0x0 linker stubs

.v4_bx          0x10001abc        0x0
 .v4_bx         0x10001abc        0x0 linker stubs

.iplt           0x10001abc        0x0
 .iplt          0x10001abc        0x0 CMakeFiles/project_button_watchdog.dir/platform/pico/main.c.obj

.rodata         0x10001abc      0x13c
 *(EXCLUDE_FILE(*libm.a: *lib*_a-mem*.o *libc.a: *libgcc.a:) .rodata*)
 .rodata.panic.str1.1
                0x10001abc       0xcb CMakeFiles/project_button_watchdog.dir/PICO_SDK/src/rp2_common/pico_platform_panic/panic.c.obj
                                 0x11 (size before relaxing)
 .rodata.timer_hardware_alarm_claim.str1.1
                0x10001b87       0x22 CMakeFiles/project_button_watchdog.dir/PICO_SDK/src/rp2_common/hardware_timer/timer.c.obj
 .rodata.hard_assertion_failure.str1.1
                0x10001b87        0xc CMakeFiles/project_button_watchdog.dir/PICO_SDK/src/rp2_common/pico_runtime/runtime.c.obj
 .rodata.str1.1
                0x10001b87       0x8d CMakeFiles/project_button_watchdog.dir/PICO_SDK/src/rp2_common/pico_standard_binary_info/standard_binary_info.c.obj
 .rodata.__bi_84
                0x10001b87        0xc CMakeFiles/project_button_watchdog.dir/PICO_SDK/src/rp2_common/pico_standard_binary_info/standard_binary_info.c.obj
 .rodata.__bi_78
                0x10001b93        0xc CMakeFiles/project_button_watchdog.dir/PICO_SDK/src/rp2_common/pico_standard_binary_info/standard_binary_info.c.obj
 .rodata.__bi_66
                0x10001b9f        0xc CMakeFiles/project_button_watchdog.dir/PICO_SDK/src/rp2_common/pico_standard_binary_info/standard_binary_info.c.obj
 .rodata.__bi_60
                0x10001bab        0xc CMakeFiles/project_button_watchdog.dir/PICO_SDK/src/rp2_common/pico_standard_binary_info/standard_binary_info.c.obj
 .rodata.__bi_54
                0x10001bb7        0xc CMakeFiles/project_button_watchdog.dir/PICO_SDK/src/rp2_common/pico_standard_binary_info/standard_binary_info.c.obj
 .rodata.__bi_48
                0x10001bc3        0xc CMakeFiles/project_button_watchdog.dir/PICO_SDK/src/rp2_common/pico_standard_binary_info/standard_binary_info.c.obj
 .rodata.__bi_42
                0x10001bcf        0xc CMakeFiles/project_button_watchdog.dir/PICO_SDK/src/rp2_common/pico_standard_binary_info/standard_binary_info.c.obj
 .rodata.__bi_34
                0x10001bdb        0xc CMakeFiles/project_button_watchdog.dir/PICO_SDK/src/rp2_common/pico_standard_binary_info/standard_binary_info.c.obj
 .rodata.__bi_26
                0x10001be7        0xc CMakeFiles/project_button_watchdog.dir/PICO_SDK/src/rp2_common/pico_standard_binary_info/standard_binary_info.c.obj
 .rodata.crlf_str.0
                0x10001bf3        0x2 CMakeFiles/project_button_watchdog.dir/PICO_SDK/src/rp2_common/pico_stdio/stdio.c.obj
 *(.srodata*)
                0x10001c14                        . = ALIGN (0x4)
 *fill*         0x10001bf5        0x3
 *(SORT_BY_ALIGNMENT(SORT_BY_NAME(.flashdata*)))
                0x10001bf8                        . = ALIGN (0x4)

.ARM.extab
 *(.ARM.extab* .gnu.linkonce.armextab.*)
                0x10001bf8                        __exidx_start = .

.ARM.exidx
 *(.ARM.exidx* .gnu.linkonce.armexidx.*)
                0x10001bf8                        __exidx_end = .
                0x10001bf8                        . = ALIGN (0x4)
                0x10001bf8                        __binary_info_start = .

.binary_info    0x10001bf8       0x24
 *(.binary_info.keep.*)
 .binary_info.keep.__bi_ptr84
                0x10001bf8        0x4 CMakeFiles/project_button_watchdog.dir/PICO_SDK/src/rp2_common/pico_standard_binary_info/standard_binary_info.c.obj
 .binary_info.keep.__bi_ptr78
                0x10001bfc        0x4 CMakeFiles/project_button_watchdog.dir/PICO_SDK/src/rp2_common/pico_standard_binary_info/standard_binary_info.c.obj
 .binary_info.keep.__bi_ptr66
                0x10001c00        0x4 CMakeFiles/project_button_watchdog.dir/PICO_SDK/src/rp2_common/pico_standard_binary_info/standard_binary_info.c.obj
 .binary_info.keep.__bi_ptr60
                0x10001c04        0x4 CMakeFiles/project_button_watchdog.dir/PICO_SDK/src/rp2_common/pico_standard_binary_info/standard_binary_info.c.obj
 .binary_info.keep.__bi_ptr54
                0x10001c08        0x4 CMakeFiles/project_button_watchdog.dir/PICO_SDK/src/rp2_common/pico_standard_binary_info/standard_binary_info.c.obj
 .binary_info.keep.__bi_ptr48
                0x10001c0c        0x4 CMakeFiles/project_button_watchdog.dir/PICO_SDK/src/rp2_common/pico_standard_binary_info/standard_binary_info.c.obj
 .binary_info.keep.__bi_ptr42
                0x10001c10        0x4 CMakeFiles/project_button_watchdog.dir/PICO_SDK/src/rp2_common/pico_standard_binary_info/standard_binary_info.c.obj
 .binary_info.keep.__bi_ptr34
                0x10001c14        0x4 CMakeFiles/project_button_watchdog.dir/PICO_SDK/src/rp2_common/pico_standard_binary_info/standard_binary_info.c.obj
 .binary_info.keep.__bi_ptr26
                0x10001c18        0x4 CMakeFiles/project_button_watchdog.dir/PICO_SDK/src/rp2_common/pico_standard_binary_info/standard_binary_info.c.obj
 *(.binary_info.*)
                0x10001c1c                        __binary_info_end = .
                0x10001c1c                        . = ALIGN (0x4)

.xip_ram        0x15000000        0x0 load address 0x10001c1c
                0x15000000                        __xip_ram_start__ = .
                0x15000000                        . = ALIGN (0x4)
 *(.xip_ram*)
                0x15000000                        . = ALIGN (0x4)
                0x15000000                        __xip_ram_end__ = .
                0x10001c1c                        __xip_ram_source__ = LOADADDR (.xip_ram)

.ram_vector_table
                0x20000000       0xc0
 *(.ram_vector_table)
 .ram_vector_table
                0x20000000       0xc0 CMakeFiles/project_button_watchdog.dir/PICO_SDK/src/rp2_common/pico_runtime_init/runtime_init.c.obj
                0x20000000                ram_vector_table

.uninitialized_data
                0x200000c0        0x0
                0x200000c0                        . = ALIGN (0x4)
 *(.uninitialized_data*)

.data           0x200000c0      0x158 load address 0x10001c1c
                0x200000c0                        __data_start__ = .
 *(vtable)
 *(.time_critical*)
 .time_critical.mutex_try_enter
                0x200000c0       0x44 CMakeFiles/project_button_watchdog.dir/PICO_SDK/src/common/pico_sync/mutex.c.obj
                0x200000c0                mutex_try_enter
 .time_critical.mutex_enter_block_until
                0x20000104       0x54 CMakeFiles/project_button_watchdog.dir/PICO_SDK/src/common/pico_sync/mutex.c.obj
                0x20000104                mutex_enter_block_until
 .time_critical.mutex_try_enter_block_until
                0x20000158       0x2e CMakeFiles/project_button_watchdog.dir/PICO_SDK/src/common/pico_sync/mutex.c.obj
                0x20000158                mutex_try_enter_block_until
 .time_critical.mutex_exit
                0x20000186       0x28 CMakeFiles/project_button_watchdog.dir/PICO_SDK/src/common/pico_sync/mutex.c.obj
                0x20000186                mutex_exit
 *(.text*)
 *fill*         0x200001ae        0x2
 .text          0x200001b0        0x4 <TOOL_ROOT>/arm/bin/../lib/gcc/arm-none-eabi/14.3.1/thumb/v6-m/nofp\libgcc.a(_dvmd_tls.o)
                0x200001b0                __aeabi_idiv0
                0x200001b0                __aeabi_ldiv0
 *fill*         0x200001b4        0x4
 .text.__stub   0x200001b8       0x10 linker stubs
                0x200001c8                        . = ALIGN (0x4)
 *(.rodata*)
                0x200001c8                        . = ALIGN (0x4)
                0x200001c8                        PROVIDE (__emutls_array_start = .)
 *(.*.__emutls_v.*)
                0x200001c8                        PROVIDE (__emutls_array_end = .)
                0x200001c8                        . = ALIGN (0x4)
 *(.data*)
 .data.striped_spin_lock_num
                0x200001c8        0x1 CMakeFiles/project_button_watchdog.dir/PICO_SDK/src/rp2_common/hardware_sync/sync.c.obj
 *fill*         0x200001c9        0x7
 .data.last_added.0
                0x200001d0        0x8 CMakeFiles/project_button_watchdog.dir/PICO_SDK/src/common/pico_time/time.c.obj
 .data.default_alarm_pool
                0x200001d8       0x18 CMakeFiles/project_button_watchdog.dir/PICO_SDK/src/common/pico_time/time.c.obj
 *fill*         0x200001f0        0x0
 .data.aeabi_bits_funcs
                0x200001f0       0x10 CMakeFiles/project_button_watchdog.dir/PICO_SDK/src/rp2_common/pico_bit_ops/bit_ops_aeabi.S.obj
                0x200001f0                aeabi_bits_funcs
                0x20000200                aeabi_bits_funcs_end
 .data.aeabi_mem_funcs
                0x20000200       0x10 CMakeFiles/project_button_watchdog.dir/PICO_SDK/src/rp2_common/pico_mem_ops/mem_ops_aeabi.S.obj
                0x20000200                aeabi_mem_funcs
                0x20000210                aeabi_mem_funcs_end
 *(.sdata*)
                0x20000210                        . = ALIGN (0x4)
 *(.after_data.*)
                0x20000210                        . = ALIGN (0x4)
                0x20000210                        PROVIDE (__mutex_array_start = .)
 *(SORT_BY_NAME(.mutex_array.*))
 *(.mutex_array)
 .mutex_array   0x20000210        0x8 CMakeFiles/project_button_watchdog.dir/PICO_SDK/src/rp2_common/pico_stdio/stdio.c.obj
                0x20000218                        PROVIDE (__mutex_array_end = .)
 *(.jcr)
                0x20000218                        . = ALIGN (0x4)

.igot.plt       0x20000218        0x0 load address 0x10001d74
 .igot.plt      0x20000218        0x0 CMakeFiles/project_button_watchdog.dir/platform/pico/main.c.obj

.tdata          0x20000218        0x0 load address 0x10001d74
                0x20000218                        . = ALIGN (0x4)
 *(.tdata .tdata.* .gnu.linkonce.td.*)
                0x20000218                        __tdata_end = .
                0x20000218                        PROVIDE (__data_end__ = .)
                0x10001c1c                        __etext = LOADADDR (.data)
                0x20000218                        . = ALIGN (0x4)

.tbss           0x20000218        0x0 load address 0x10001d74
                0x20000218                        __bss_start__ = .
                0x20000218                        __tls_base = .
 *(.tbss .tbss.* .gnu.linkonce.tb.*)
 *(.tcommon)
                0x20000218                        . = ALIGN (0x4)
                0x20000218                        __tls_end = .

.tbss_space     0x20000218        0x0 load address 0x10001d74
                0x20000218                        . = (__bss_start__ + SIZEOF (.tbss))

.bss            0x20000218      0x3d4 load address 0x10001d74
                0x20000218                        . = ALIGN (0x4)
                0x20000218                        __tbss_end = .
 *(SORT_BY_ALIGNMENT(SORT_BY_NAME(.bss*)))
 .bss.default_alarm_pool_entries
                0x20000218      0x180 CMakeFiles/project_button_watchdog.dir/PICO_SDK/src/common/pico_time/time.c.obj
 .bss.configured_freq
                0x20000398       0x28 CMakeFiles/project_button_watchdog.dir/PICO_SDK/src/rp2_common/hardware_clocks/clocks.c.obj
 .bss.drivers   0x200003c0        0x4 CMakeFiles/project_button_watchdog.dir/PICO_SDK/src/rp2_common/pico_stdio/stdio.c.obj
 .bss.filter    0x200003c4        0x4 CMakeFiles/project_button_watchdog.dir/PICO_SDK/src/rp2_common/pico_stdio/stdio.c.obj
 .bss.lazy_vsnprintf
                0x200003c8        0x4 CMakeFiles/project_button_watchdog.dir/PICO_SDK/src/rp2_common/pico_printf/printf.c.obj
 .bss.load_value
                0x200003cc        0x4 CMakeFiles/project_button_watchdog.dir/PICO_SDK/src/rp2_common/hardware_watchdog/watchdog.c.obj
 .bss.pools     0x200003d0       0x10 CMakeFiles/project_button_watchdog.dir/PICO_SDK/src/common/pico_time/time.c.obj
 .bss.sd_table  0x200003e0      0x100 CMakeFiles/project_button_watchdog.dir/PICO_SDK/src/rp2_common/pico_double/double_init_rom_rp2040.c.obj
                0x200003e0                sd_table
 .bss.sf_clz_func
                0x200004e0        0x4 CMakeFiles/project_button_watchdog.dir/PICO_SDK/src/rp2_common/pico_double/double_init_rom_rp2040.c.obj
                0x200004e0                sf_clz_func
 .bss.sf_table  0x200004e4      0x100 CMakeFiles/project_button_watchdog.dir/PICO_SDK/src/rp2_common/pico_float/float_init_rom_rp2040.c.obj
                0x200004e4                sf_table
 .bss.sleep_notifier
                0x200005e4        0x4 CMakeFiles/project_button_watchdog.dir/PICO_SDK/src/common/pico_time/time.c.obj
 .bss.claimed   0x200005e8        0x1 CMakeFiles/project_button_watchdog.dir/PICO_SDK/src/rp2_common/hardware_timer/timer.c.obj
 *(COMMON)
                [!provide]                        PROVIDE (__global_pointer$ = (. + 0x800))
 *(.sbss*)
                0x200005ec                        . = ALIGN (0x4)
 *fill*         0x200005e9        0x3
                0x200005ec                        __bss_end__ = .
                [!provide]                        PROVIDE (__tls_start = SIZEOF (.tdata)?ADDR (.tdata):ADDR (.tbss))
                [!provide]                        PROVIDE (__tls_size = (__tls_end - __tls_start))
                [!provide]                        PROVIDE (__tls_align = MAX (ALIGNOF (.tdata), ALIGNOF (.tbss)))
                [!provide]                        PROVIDE (__tls_size_align = ALIGN (__tls_size, __tls_align))
                [!provide]                        PROVIDE (__arm32_tls_tcb_offset = MAX (0x8, __tls_align))
                [!provide]                        PROVIDE (__tdata_size = SIZEOF (.tdata))
                [!provide]                        PROVIDE (__tdata_source = LOADADDR (.tdata))
                [!provide]                        PROVIDE (__tbss_size = SIZEOF (.tbss))
                [!provide]                        PROVIDE (__tbss_offset = (ADDR (.tbss) - __tls_start))

.tlsX_not_needed_marker
 *(.tlsX_not_needed_marker)
                [!provide]                        PROVIDE (__tlsX_align = (SIZEOF (.tlsX_not_needed_marker) > 0x0)?0x4:__tls_align)
                [!provide]                        PROVIDE (__tlsX_size_align = (SIZEOF (.tlsX_not_needed_marker) > 0x0)?0x0:__tls_size_align)
                0x20000218                        __tls_start = DEFINED (__tls_start)?__tls_start:SIZEOF (.tdata)?ADDR (.tdata):ADDR (.tbss)
                0x00000000                        __tls_size = DEFINED (__tls_size)?__tls_size:(__tls_end - __tls_start)
                0x00000001                        __tls_align = DEFINED (__tls_align)?__tls_align:MAX (ALIGNOF (.tdata), ALIGNOF (.tbss))
                0x00000000                        __tls_size_align = DEFINED (__tls_size_align)?__tls_size_align:ALIGN (__tls_size, __tls_align)
                0x00000008                        __arm32_tls_tcb_offset = DEFINED (__arm32_tls_tcb_offset)?__arm32_tls_tcb_offset:MAX (0x8, __tls_align)
                0x00000000                        __tdata_size = DEFINED (__tdata_size)?__tdata_size:SIZEOF (.tdata)
                0x10001d74                        __tdata_source = DEFINED (__tdata_source)?__tdata_source:LOADADDR (.tdata)
                0x00000000                        __tbss_size = DEFINED (__tbss_size)?__tbss_size:SIZEOF (.tbss)
                0x00000000                        __tbss_offset = DEFINED (__tbss_offset)?__tbss_offset:(ADDR (.tbss) - __tls_start)
                0x00000001                        __tlsX_align = DEFINED (__tlsX_align)?__tlsX_align:(SIZEOF (.tlsX_not_needed_marker) > 0x0)?0x4:__tls_align
                0x00000000                        __tlsX_size_align = DEFINED (__tlsX_size_align)?__tlsX_size_align:(SIZEOF (.tlsX_not_needed_marker) > 0x0)?0x0:__tls_size_align

.tls0           0x200005ec        0x0 load address 0x10001d74
                0x200005ec                        . = ALIGN (__tlsX_align)
                [!provide]                        PROVIDE (__tls0_base = .)
                0x200005ec                        . = (. + __tlsX_size_align)

.tls1           0x200005ec        0x0 load address 0x10001d74
                0x200005ec                        . = ALIGN (__tlsX_align)
                [!provide]                        PROVIDE (__tls1_base = .)
                0x200005ec                        . = (. + __tlsX_size_align)

.persistent_data
                0x200005ec        0x0 load address 0x10001d74
                0x200005ec                        __persistent_data_start__ = .
 *(.persistent_data*)
                0x200005ec                        . = ALIGN (0x4)
                [!provide]                        PROVIDE (__persistent_data_end__ = .)

.dummy_pre_heap
                0x200005ec        0x0 load address 0x10001d74
                0x200005ec                        . = .

.heap           0x200005ec      0x800
                0x200005ec                        __end__ = .
                0x200005ec                        end = __end__
 *(.heap*)
 .heap          0x200005ec      0x800 CMakeFiles/project_button_watchdog.dir/PICO_SDK/src/rp2_common/pico_crt0/crt0.S.obj
                0x20040000                        __HeapLimit = DEFINED (HEAP_LIMIT)?HEAP_LIMIT:(ORIGIN (RAM) + LENGTH (RAM))

.scratch_x      0x20040000        0x0 load address 0x10001d74
                0x20040000                        __scratch_x_start__ = .
 *(.scratch_x.*)
                0x20040000                        . = ALIGN (0x4)
                0x20040000                        __scratch_x_end__ = .
                0x10001d74                        __scratch_x_source__ = LOADADDR (.scratch_x)

.scratch_y      0x20041000        0x0 load address 0x10001d74
                0x20041000                        __scratch_y_start__ = .
 *(.scratch_y.*)
                0x20041000                        . = ALIGN (0x4)
                0x20041000                        __scratch_y_end__ = .
                0x10001d74                        __scratch_y_source__ = LOADADDR (.scratch_y)

.stack1_dummy
 *(.stack1*)

.stack_dummy    0x20041000      0x800
 *(.stack*)
 .stack         0x20041000      0x800 CMakeFiles/project_button_watchdog.dir/PICO_SDK/src/rp2_common/pico_crt0/crt0.S.obj

.rel.dyn        0x20041800        0x0
 .rel.iplt      0x20041800        0x0 CMakeFiles/project_button_watchdog.dir/platform/pico/main.c.obj

.flash_end      0x10001d74        0x0
 *(.embedded_end_block*)
                0x10001d74                        PROVIDE (__flash_binary_end = .)
                0x20040000                        __StackLimit = (ORIGIN (RAM) + LENGTH (RAM))
                0x20041000                        __StackOneTop = (ORIGIN (SCRATCH_X) + LENGTH (SCRATCH_X))
                0x20042000                        __StackTop = (ORIGIN (SCRATCH_Y) + LENGTH (SCRATCH_Y))
                0x20041000                        __StackOneBottom = (__StackOneTop - SIZEOF (.stack1_dummy))
                0x20041800                        __StackBottom = (__StackTop - SIZEOF (.stack_dummy))
                [!provide]                        PROVIDE (__stack = __StackTop)
                [!provide]                        PROVIDE (__heap_start = __end__)
                [!provide]                        PROVIDE (__heap_end = __HeapLimit)
                [!provide]                        PROVIDE (__tls_align = MAX (ALIGNOF (.tdata), ALIGNOF (.tbss)))
                [!provide]                        PROVIDE (__tls_size_align = (((__tls_size + __tls_align) - 0x1) & ~ ((__tls_align - 0x1))))
                [!provide]                        PROVIDE (__arm32_tls_tcb_offset = MAX (0x8, __tls_align))
                [!provide]                        PROVIDE (_end = __end__)
                [!provide]                        PROVIDE (__llvm_libc_heap_limit = __HeapLimit)
                0x00000001                        ASSERT ((__StackLimit >= __HeapLimit), region RAM overflowed)
                0x00000001                        ASSERT (((__binary_info_header_end - __logical_binary_start) <= 0x100), Binary info must be in first 256 bytes of the binary)
OUTPUT(project_button_watchdog.elf elf32-littlearm)
LOAD linker stubs

.debug_info     0x00000000    0x1463d
 .debug_info    0x00000000      0xd95 CMakeFiles/project_button_watchdog.dir/platform/pico/main.c.obj
 .debug_info    0x00000d95      0x454 CMakeFiles/project_button_watchdog.dir/src/pb_watchdog.c.obj
 .debug_info    0x000011e9     0x1b84 CMakeFiles/project_button_watchdog.dir/PICO_SDK/src/rp2_common/hardware_gpio/gpio.c.obj
 .debug_info    0x00002d6d      0x1bd CMakeFiles/project_button_watchdog.dir/PICO_SDK/src/rp2_common/pico_platform_panic/panic.c.obj
 .debug_info    0x00002f2a      0x5cb CMakeFiles/project_button_watchdog.dir/PICO_SDK/src/common/hardware_claim/claim.c.obj
 .debug_info    0x000034f5      0x41c CMakeFiles/project_button_watchdog.dir/PICO_SDK/src/rp2_common/hardware_sync/sync.c.obj
 .debug_info    0x00003911      0x243 CMakeFiles/project_button_watchdog.dir/PICO_SDK/src/rp2_common/hardware_sync_spin_lock/sync_spin_lock.c.obj
 .debug_info    0x00003b54     0x1f66 CMakeFiles/project_button_watchdog.dir/PICO_SDK/src/rp2_common/hardware_irq/irq.c.obj
 .debug_info    0x00005aba      0x161 CMakeFiles/project_button_watchdog.dir/PICO_SDK/src/common/pico_sync/lock_core.c.obj
 .debug_info    0x00005c1b     0x1b3a CMakeFiles/project_button_watchdog.dir/PICO_SDK/src/common/pico_sync/mutex.c.obj
 .debug_info    0x00007755     0x31c8 CMakeFiles/project_button_watchdog.dir/PICO_SDK/src/common/pico_time/time.c.obj
 .debug_info    0x0000a91d     0x1a65 CMakeFiles/project_button_watchdog.dir/PICO_SDK/src/rp2_common/hardware_timer/timer.c.obj
 .debug_info    0x0000c382     0x19e3 CMakeFiles/project_button_watchdog.dir/PICO_SDK/src/rp2_common/hardware_clocks/clocks.c.obj
 .debug_info    0x0000dd65      0x524 CMakeFiles/project_button_watchdog.dir/PICO_SDK/src/rp2_common/hardware_pll/pll.c.obj
 .debug_info    0x0000e289      0x5e6 CMakeFiles/project_button_watchdog.dir/PICO_SDK/src/rp2_common/hardware_watchdog/watchdog.c.obj
 .debug_info    0x0000e86f      0x248 CMakeFiles/project_button_watchdog.dir/PICO_SDK/src/rp2_common/hardware_ticks/ticks.c.obj
 .debug_info    0x0000eab7      0x485 CMakeFiles/project_button_watchdog.dir/PICO_SDK/src/rp2_common/pico_bootrom/bootrom.c.obj
 .debug_info    0x0000ef3c      0x1d0 CMakeFiles/project_button_watchdog.dir/PICO_SDK/src/rp2_common/hardware_xosc/xosc.c.obj
 .debug_info    0x0000f10c      0x21a CMakeFiles/project_button_watchdog.dir/PICO_SDK/src/rp2_common/pico_runtime/runtime.c.obj
 .debug_info    0x0000f326      0x7e6 CMakeFiles/project_button_watchdog.dir/PICO_SDK/src/rp2_common/pico_runtime_init/runtime_init.c.obj
 .debug_info    0x0000fb0c      0x794 CMakeFiles/project_button_watchdog.dir/PICO_SDK/src/rp2_common/pico_runtime_init/runtime_init_clocks.c.obj
 .debug_info    0x000102a0       0x23 CMakeFiles/project_button_watchdog.dir/PICO_SDK/src/rp2_common/pico_bit_ops/bit_ops_aeabi.S.obj
 .debug_info    0x000102c3       0x23 CMakeFiles/project_button_watchdog.dir/PICO_SDK/src/rp2_common/pico_divider/divider_hardware.S.obj
 .debug_info    0x000102e6       0x23 CMakeFiles/project_button_watchdog.dir/PICO_SDK/src/rp2_common/pico_double/double_aeabi_rp2040.S.obj
 .debug_info    0x00010309      0x294 CMakeFiles/project_button_watchdog.dir/PICO_SDK/src/rp2_common/pico_double/double_init_rom_rp2040.c.obj
 .debug_info    0x0001059d       0x23 CMakeFiles/project_button_watchdog.dir/PICO_SDK/src/rp2_common/pico_double/double_v1_rom_shim_rp2040.S.obj
 .debug_info    0x000105c0       0x23 CMakeFiles/project_button_watchdog.dir/PICO_SDK/src/rp2_common/pico_float/float_aeabi_rp2040.S.obj
 .debug_info    0x000105e3      0x28c CMakeFiles/project_button_watchdog.dir/PICO_SDK/src/rp2_common/pico_float/float_init_rom_rp2040.c.obj
 .debug_info    0x0001086f       0x23 CMakeFiles/project_button_watchdog.dir/PICO_SDK/src/rp2_common/pico_float/float_v1_rom_shim_rp2040.S.obj
 .debug_info    0x00010892       0x23 CMakeFiles/project_button_watchdog.dir/PICO_SDK/src/rp2_common/pico_mem_ops/mem_ops_aeabi.S.obj
 .debug_info    0x000108b5      0x300 CMakeFiles/project_button_watchdog.dir/PICO_SDK/src/rp2_common/pico_standard_binary_info/standard_binary_info.c.obj
 .debug_info    0x00010bb5     0x1a9a CMakeFiles/project_button_watchdog.dir/PICO_SDK/src/rp2_common/pico_printf/printf.c.obj
 .debug_info    0x0001264f       0x23 CMakeFiles/project_button_watchdog.dir/PICO_SDK/src/rp2_common/pico_crt0/crt0.S.obj
 .debug_info    0x00012672      0xbd7 CMakeFiles/project_button_watchdog.dir/PICO_SDK/src/rp2_common/pico_clib_interface/newlib_interface.c.obj
 .debug_info    0x00013249     0x13f4 CMakeFiles/project_button_watchdog.dir/PICO_SDK/src/rp2_common/pico_stdio/stdio.c.obj

.debug_abbrev   0x00000000     0x4c4a
 .debug_abbrev  0x00000000      0x35d CMakeFiles/project_button_watchdog.dir/platform/pico/main.c.obj
 .debug_abbrev  0x0000035d      0x1a7 CMakeFiles/project_button_watchdog.dir/src/pb_watchdog.c.obj
 .debug_abbrev  0x00000504      0x4a4 CMakeFiles/project_button_watchdog.dir/PICO_SDK/src/rp2_common/hardware_gpio/gpio.c.obj
 .debug_abbrev  0x000009a8      0x12c CMakeFiles/project_button_watchdog.dir/PICO_SDK/src/rp2_common/pico_platform_panic/panic.c.obj
 .debug_abbrev  0x00000ad4      0x228 CMakeFiles/project_button_watchdog.dir/PICO_SDK/src/common/hardware_claim/claim.c.obj
 .debug_abbrev  0x00000cfc      0x1d7 CMakeFiles/project_button_watchdog.dir/PICO_SDK/src/rp2_common/hardware_sync/sync.c.obj
 .debug_abbrev  0x00000ed3      0x1ae CMakeFiles/project_button_watchdog.dir/PICO_SDK/src/rp2_common/hardware_sync_spin_lock/sync_spin_lock.c.obj
 .debug_abbrev  0x00001081      0x5ed CMakeFiles/project_button_watchdog.dir/PICO_SDK/src/rp2_common/hardware_irq/irq.c.obj
 .debug_abbrev  0x0000166e       0xee CMakeFiles/project_button_watchdog.dir/PICO_SDK/src/common/pico_sync/lock_core.c.obj
 .debug_abbrev  0x0000175c      0x433 CMakeFiles/project_button_watchdog.dir/PICO_SDK/src/common/pico_sync/mutex.c.obj
 .debug_abbrev  0x00001b8f      0x65e CMakeFiles/project_button_watchdog.dir/PICO_SDK/src/common/pico_time/time.c.obj
 .debug_abbrev  0x000021ed      0x4f6 CMakeFiles/project_button_watchdog.dir/PICO_SDK/src/rp2_common/hardware_timer/timer.c.obj
 .debug_abbrev  0x000026e3      0x556 CMakeFiles/project_button_watchdog.dir/PICO_SDK/src/rp2_common/hardware_clocks/clocks.c.obj
 .debug_abbrev  0x00002c39      0x1cf CMakeFiles/project_button_watchdog.dir/PICO_SDK/src/rp2_common/hardware_pll/pll.c.obj
 .debug_abbrev  0x00002e08      0x272 CMakeFiles/project_button_watchdog.dir/PICO_SDK/src/rp2_common/hardware_watchdog/watchdog.c.obj
 .debug_abbrev  0x0000307a      0x145 CMakeFiles/project_button_watchdog.dir/PICO_SDK/src/rp2_common/hardware_ticks/ticks.c.obj
 .debug_abbrev  0x000031bf      0x1a5 CMakeFiles/project_button_watchdog.dir/PICO_SDK/src/rp2_common/pico_bootrom/bootrom.c.obj
 .debug_abbrev  0x00003364      0x11d CMakeFiles/project_button_watchdog.dir/PICO_SDK/src/rp2_common/hardware_xosc/xosc.c.obj
 .debug_abbrev  0x00003481      0x185 CMakeFiles/project_button_watchdog.dir/PICO_SDK/src/rp2_common/pico_runtime/runtime.c.obj
 .debug_abbrev  0x00003606      0x269 CMakeFiles/project_button_watchdog.dir/PICO_SDK/src/rp2_common/pico_runtime_init/runtime_init.c.obj
 .debug_abbrev  0x0000386f      0x2af CMakeFiles/project_button_watchdog.dir/PICO_SDK/src/rp2_common/pico_runtime_init/runtime_init_clocks.c.obj
 .debug_abbrev  0x00003b1e       0x12 CMakeFiles/project_button_watchdog.dir/PICO_SDK/src/rp2_common/pico_bit_ops/bit_ops_aeabi.S.obj
 .debug_abbrev  0x00003b30       0x12 CMakeFiles/project_button_watchdog.dir/PICO_SDK/src/rp2_common/pico_divider/divider_hardware.S.obj
 .debug_abbrev  0x00003b42       0x12 CMakeFiles/project_button_watchdog.dir/PICO_SDK/src/rp2_common/pico_double/double_aeabi_rp2040.S.obj
 .debug_abbrev  0x00003b54      0x17f CMakeFiles/project_button_watchdog.dir/PICO_SDK/src/rp2_common/pico_double/double_init_rom_rp2040.c.obj
 .debug_abbrev  0x00003cd3       0x12 CMakeFiles/project_button_watchdog.dir/PICO_SDK/src/rp2_common/pico_double/double_v1_rom_shim_rp2040.S.obj
 .debug_abbrev  0x00003ce5       0x12 CMakeFiles/project_button_watchdog.dir/PICO_SDK/src/rp2_common/pico_float/float_aeabi_rp2040.S.obj
 .debug_abbrev  0x00003cf7      0x173 CMakeFiles/project_button_watchdog.dir/PICO_SDK/src/rp2_common/pico_float/float_init_rom_rp2040.c.obj
 .debug_abbrev  0x00003e6a       0x12 CMakeFiles/project_button_watchdog.dir/PICO_SDK/src/rp2_common/pico_float/float_v1_rom_shim_rp2040.S.obj
 .debug_abbrev  0x00003e7c       0x12 CMakeFiles/project_button_watchdog.dir/PICO_SDK/src/rp2_common/pico_mem_ops/mem_ops_aeabi.S.obj
 .debug_abbrev  0x00003e8e       0xb8 CMakeFiles/project_button_watchdog.dir/PICO_SDK/src/rp2_common/pico_standard_binary_info/standard_binary_info.c.obj
 .debug_abbrev  0x00003f46      0x459 CMakeFiles/project_button_watchdog.dir/PICO_SDK/src/rp2_common/pico_printf/printf.c.obj
 .debug_abbrev  0x0000439f       0x12 CMakeFiles/project_button_watchdog.dir/PICO_SDK/src/rp2_common/pico_crt0/crt0.S.obj
 .debug_abbrev  0x000043b1      0x36e CMakeFiles/project_button_watchdog.dir/PICO_SDK/src/rp2_common/pico_clib_interface/newlib_interface.c.obj
 .debug_abbrev  0x0000471f      0x52b CMakeFiles/project_button_watchdog.dir/PICO_SDK/src/rp2_common/pico_stdio/stdio.c.obj

.debug_loclists
                0x00000000     0x8594
 .debug_loclists
                0x00000000      0x250 CMakeFiles/project_button_watchdog.dir/platform/pico/main.c.obj
 .debug_loclists
                0x00000250       0xfd CMakeFiles/project_button_watchdog.dir/src/pb_watchdog.c.obj
 .debug_loclists
                0x0000034d      0xe79 CMakeFiles/project_button_watchdog.dir/PICO_SDK/src/rp2_common/hardware_gpio/gpio.c.obj
 .debug_loclists
                0x000011c6      0x282 CMakeFiles/project_button_watchdog.dir/PICO_SDK/src/common/hardware_claim/claim.c.obj
 .debug_loclists
                0x00001448       0xf4 CMakeFiles/project_button_watchdog.dir/PICO_SDK/src/rp2_common/hardware_sync/sync.c.obj
 .debug_loclists
                0x0000153c       0x7d CMakeFiles/project_button_watchdog.dir/PICO_SDK/src/rp2_common/hardware_sync_spin_lock/sync_spin_lock.c.obj
 .debug_loclists
                0x000015b9      0xe13 CMakeFiles/project_button_watchdog.dir/PICO_SDK/src/rp2_common/hardware_irq/irq.c.obj
 .debug_loclists
                0x000023cc       0x41 CMakeFiles/project_button_watchdog.dir/PICO_SDK/src/common/pico_sync/lock_core.c.obj
 .debug_loclists
                0x0000240d      0x88f CMakeFiles/project_button_watchdog.dir/PICO_SDK/src/common/pico_sync/mutex.c.obj
 .debug_loclists
                0x00002c9c     0x1268 CMakeFiles/project_button_watchdog.dir/PICO_SDK/src/common/pico_time/time.c.obj
 .debug_loclists
                0x00003f04      0xa2e CMakeFiles/project_button_watchdog.dir/PICO_SDK/src/rp2_common/hardware_timer/timer.c.obj
 .debug_loclists
                0x00004932      0xb03 CMakeFiles/project_button_watchdog.dir/PICO_SDK/src/rp2_common/hardware_clocks/clocks.c.obj
 .debug_loclists
                0x00005435      0x204 CMakeFiles/project_button_watchdog.dir/PICO_SDK/src/rp2_common/hardware_pll/pll.c.obj
 .debug_loclists
                0x00005639      0x249 CMakeFiles/project_button_watchdog.dir/PICO_SDK/src/rp2_common/hardware_watchdog/watchdog.c.obj
 .debug_loclists
                0x00005882       0x47 CMakeFiles/project_button_watchdog.dir/PICO_SDK/src/rp2_common/hardware_ticks/ticks.c.obj
 .debug_loclists
                0x000058c9      0x24d CMakeFiles/project_button_watchdog.dir/PICO_SDK/src/rp2_common/pico_bootrom/bootrom.c.obj
 .debug_loclists
                0x00005b16       0x48 CMakeFiles/project_button_watchdog.dir/PICO_SDK/src/rp2_common/hardware_xosc/xosc.c.obj
 .debug_loclists
                0x00005b5e       0x7e CMakeFiles/project_button_watchdog.dir/PICO_SDK/src/rp2_common/pico_runtime/runtime.c.obj
 .debug_loclists
                0x00005bdc       0xe2 CMakeFiles/project_button_watchdog.dir/PICO_SDK/src/rp2_common/pico_runtime_init/runtime_init.c.obj
 .debug_loclists
                0x00005cbe       0x74 CMakeFiles/project_button_watchdog.dir/PICO_SDK/src/rp2_common/pico_runtime_init/runtime_init_clocks.c.obj
 .debug_loclists
                0x00005d32       0x51 CMakeFiles/project_button_watchdog.dir/PICO_SDK/src/rp2_common/pico_double/double_init_rom_rp2040.c.obj
 .debug_loclists
                0x00005d83       0x67 CMakeFiles/project_button_watchdog.dir/PICO_SDK/src/rp2_common/pico_float/float_init_rom_rp2040.c.obj
 .debug_loclists
                0x00005dea     0x1be0 CMakeFiles/project_button_watchdog.dir/PICO_SDK/src/rp2_common/pico_printf/printf.c.obj
 .debug_loclists
                0x000079ca      0x3f2 CMakeFiles/project_button_watchdog.dir/PICO_SDK/src/rp2_common/pico_clib_interface/newlib_interface.c.obj
 .debug_loclists
                0x00007dbc      0x7d8 CMakeFiles/project_button_watchdog.dir/PICO_SDK/src/rp2_common/pico_stdio/stdio.c.obj

.debug_aranges  0x00000000      0xf60
 .debug_aranges
                0x00000000       0x30 CMakeFiles/project_button_watchdog.dir/platform/pico/main.c.obj
 .debug_aranges
                0x00000030       0x28 CMakeFiles/project_button_watchdog.dir/src/pb_watchdog.c.obj
 .debug_aranges
                0x00000058      0x118 CMakeFiles/project_button_watchdog.dir/PICO_SDK/src/rp2_common/hardware_gpio/gpio.c.obj
 .debug_aranges
                0x00000170       0x28 CMakeFiles/project_button_watchdog.dir/PICO_SDK/src/rp2_common/pico_platform_panic/panic.c.obj
 .debug_aranges
                0x00000198       0x48 CMakeFiles/project_button_watchdog.dir/PICO_SDK/src/common/hardware_claim/claim.c.obj
 .debug_aranges
                0x000001e0       0x48 CMakeFiles/project_button_watchdog.dir/PICO_SDK/src/rp2_common/hardware_sync/sync.c.obj
 .debug_aranges
                0x00000228       0x28 CMakeFiles/project_button_watchdog.dir/PICO_SDK/src/rp2_common/hardware_sync_spin_lock/sync_spin_lock.c.obj
 .debug_aranges
                0x00000250       0xd0 CMakeFiles/project_button_watchdog.dir/PICO_SDK/src/rp2_common/hardware_irq/irq.c.obj
 .debug_aranges
                0x00000320       0x20 CMakeFiles/project_button_watchdog.dir/PICO_SDK/src/common/pico_sync/lock_core.c.obj
 .debug_aranges
                0x00000340       0x98 CMakeFiles/project_button_watchdog.dir/PICO_SDK/src/common/pico_sync/mutex.c.obj
 .debug_aranges
                0x000003d8       0xf0 CMakeFiles/project_button_watchdog.dir/PICO_SDK/src/common/pico_time/time.c.obj
 .debug_aranges
                0x000004c8       0xf0 CMakeFiles/project_button_watchdog.dir/PICO_SDK/src/rp2_common/hardware_timer/timer.c.obj
 .debug_aranges
                0x000005b8       0xb0 CMakeFiles/project_button_watchdog.dir/PICO_SDK/src/rp2_common/hardware_clocks/clocks.c.obj
 .debug_aranges
                0x00000668       0x28 CMakeFiles/project_button_watchdog.dir/PICO_SDK/src/rp2_common/hardware_pll/pll.c.obj
 .debug_aranges
                0x00000690       0x68 CMakeFiles/project_button_watchdog.dir/PICO_SDK/src/rp2_common/hardware_watchdog/watchdog.c.obj
 .debug_aranges
                0x000006f8       0x30 CMakeFiles/project_button_watchdog.dir/PICO_SDK/src/rp2_common/hardware_ticks/ticks.c.obj
 .debug_aranges
                0x00000728       0x40 CMakeFiles/project_button_watchdog.dir/PICO_SDK/src/rp2_common/pico_bootrom/bootrom.c.obj
 .debug_aranges
                0x00000768       0x30 CMakeFiles/project_button_watchdog.dir/PICO_SDK/src/rp2_common/hardware_xosc/xosc.c.obj
 .debug_aranges
                0x00000798       0x38 CMakeFiles/project_button_watchdog.dir/PICO_SDK/src/rp2_common/pico_runtime/runtime.c.obj
 .debug_aranges
                0x000007d0       0x48 CMakeFiles/project_button_watchdog.dir/PICO_SDK/src/rp2_common/pico_runtime_init/runtime_init.c.obj
 .debug_aranges
                0x00000818       0x20 CMakeFiles/project_button_watchdog.dir/PICO_SDK/src/rp2_common/pico_runtime_init/runtime_init_clocks.c.obj
 .debug_aranges
                0x00000838       0x60 CMakeFiles/project_button_watchdog.dir/PICO_SDK/src/rp2_common/pico_bit_ops/bit_ops_aeabi.S.obj
 .debug_aranges
                0x00000898       0x50 CMakeFiles/project_button_watchdog.dir/PICO_SDK/src/rp2_common/pico_divider/divider_hardware.S.obj
 .debug_aranges
                0x000008e8      0x150 CMakeFiles/project_button_watchdog.dir/PICO_SDK/src/rp2_common/pico_double/double_aeabi_rp2040.S.obj
 .debug_aranges
                0x00000a38       0x20 CMakeFiles/project_button_watchdog.dir/PICO_SDK/src/rp2_common/pico_double/double_init_rom_rp2040.c.obj
 .debug_aranges
                0x00000a58       0xc8 CMakeFiles/project_button_watchdog.dir/PICO_SDK/src/rp2_common/pico_double/double_v1_rom_shim_rp2040.S.obj
 .debug_aranges
                0x00000b20      0x138 CMakeFiles/project_button_watchdog.dir/PICO_SDK/src/rp2_common/pico_float/float_aeabi_rp2040.S.obj
 .debug_aranges
                0x00000c58       0x20 CMakeFiles/project_button_watchdog.dir/PICO_SDK/src/rp2_common/pico_float/float_init_rom_rp2040.c.obj
 .debug_aranges
                0x00000c78       0x50 CMakeFiles/project_button_watchdog.dir/PICO_SDK/src/rp2_common/pico_float/float_v1_rom_shim_rp2040.S.obj
 .debug_aranges
                0x00000cc8       0x38 CMakeFiles/project_button_watchdog.dir/PICO_SDK/src/rp2_common/pico_mem_ops/mem_ops_aeabi.S.obj
 .debug_aranges
                0x00000d00       0x18 CMakeFiles/project_button_watchdog.dir/PICO_SDK/src/rp2_common/pico_standard_binary_info/standard_binary_info.c.obj
 .debug_aranges
                0x00000d18       0xa0 CMakeFiles/project_button_watchdog.dir/PICO_SDK/src/rp2_common/pico_printf/printf.c.obj
 .debug_aranges
                0x00000db8       0x28 CMakeFiles/project_button_watchdog.dir/PICO_SDK/src/rp2_common/pico_crt0/crt0.S.obj
 .debug_aranges
                0x00000de0       0xb0 CMakeFiles/project_button_watchdog.dir/PICO_SDK/src/rp2_common/pico_clib_interface/newlib_interface.c.obj
 .debug_aranges
                0x00000e90       0xd0 CMakeFiles/project_button_watchdog.dir/PICO_SDK/src/rp2_common/pico_stdio/stdio.c.obj

.debug_rnglists
                0x00000000     0x17db
 .debug_rnglists
                0x00000000       0xd3 CMakeFiles/project_button_watchdog.dir/platform/pico/main.c.obj
 .debug_rnglists
                0x000000d3       0x29 CMakeFiles/project_button_watchdog.dir/src/pb_watchdog.c.obj
 .debug_rnglists
                0x000000fc      0x23f CMakeFiles/project_button_watchdog.dir/PICO_SDK/src/rp2_common/hardware_gpio/gpio.c.obj
 .debug_rnglists
                0x0000033b       0x19 CMakeFiles/project_button_watchdog.dir/PICO_SDK/src/rp2_common/pico_platform_panic/panic.c.obj
 .debug_rnglists
                0x00000354       0x40 CMakeFiles/project_button_watchdog.dir/PICO_SDK/src/common/hardware_claim/claim.c.obj
 .debug_rnglists
                0x00000394       0x5b CMakeFiles/project_button_watchdog.dir/PICO_SDK/src/rp2_common/hardware_sync/sync.c.obj
 .debug_rnglists
                0x000003ef       0x3d CMakeFiles/project_button_watchdog.dir/PICO_SDK/src/rp2_common/hardware_sync_spin_lock/sync_spin_lock.c.obj
 .debug_rnglists
                0x0000042c      0x309 CMakeFiles/project_button_watchdog.dir/PICO_SDK/src/rp2_common/hardware_irq/irq.c.obj
 .debug_rnglists
                0x00000735       0x1f CMakeFiles/project_button_watchdog.dir/PICO_SDK/src/common/pico_sync/lock_core.c.obj
 .debug_rnglists
                0x00000754      0x19c CMakeFiles/project_button_watchdog.dir/PICO_SDK/src/common/pico_sync/mutex.c.obj
 .debug_rnglists
                0x000008f0      0x2c0 CMakeFiles/project_button_watchdog.dir/PICO_SDK/src/common/pico_time/time.c.obj
 .debug_rnglists
                0x00000bb0      0x16e CMakeFiles/project_button_watchdog.dir/PICO_SDK/src/rp2_common/hardware_timer/timer.c.obj
 .debug_rnglists
                0x00000d1e      0x1b0 CMakeFiles/project_button_watchdog.dir/PICO_SDK/src/rp2_common/hardware_clocks/clocks.c.obj
 .debug_rnglists
                0x00000ece       0x41 CMakeFiles/project_button_watchdog.dir/PICO_SDK/src/rp2_common/hardware_pll/pll.c.obj
 .debug_rnglists
                0x00000f0f       0x91 CMakeFiles/project_button_watchdog.dir/PICO_SDK/src/rp2_common/hardware_watchdog/watchdog.c.obj
 .debug_rnglists
                0x00000fa0       0x2b CMakeFiles/project_button_watchdog.dir/PICO_SDK/src/rp2_common/hardware_ticks/ticks.c.obj
 .debug_rnglists
                0x00000fcb       0x91 CMakeFiles/project_button_watchdog.dir/PICO_SDK/src/rp2_common/pico_bootrom/bootrom.c.obj
 .debug_rnglists
                0x0000105c       0x1f CMakeFiles/project_button_watchdog.dir/PICO_SDK/src/rp2_common/hardware_xosc/xosc.c.obj
 .debug_rnglists
                0x0000107b       0x43 CMakeFiles/project_button_watchdog.dir/PICO_SDK/src/rp2_common/pico_runtime/runtime.c.obj
 .debug_rnglists
                0x000010be       0x55 CMakeFiles/project_button_watchdog.dir/PICO_SDK/src/rp2_common/pico_runtime_init/runtime_init.c.obj
 .debug_rnglists
                0x00001113       0x20 CMakeFiles/project_button_watchdog.dir/PICO_SDK/src/rp2_common/pico_runtime_init/runtime_init_clocks.c.obj
 .debug_rnglists
                0x00001133       0x43 CMakeFiles/project_button_watchdog.dir/PICO_SDK/src/rp2_common/pico_bit_ops/bit_ops_aeabi.S.obj
 .debug_rnglists
                0x00001176       0x38 CMakeFiles/project_button_watchdog.dir/PICO_SDK/src/rp2_common/pico_divider/divider_hardware.S.obj
 .debug_rnglists
                0x000011ae       0xf9 CMakeFiles/project_button_watchdog.dir/PICO_SDK/src/rp2_common/pico_double/double_aeabi_rp2040.S.obj
 .debug_rnglists
                0x000012a7       0x13 CMakeFiles/project_button_watchdog.dir/PICO_SDK/src/rp2_common/pico_double/double_init_rom_rp2040.c.obj
 .debug_rnglists
                0x000012ba       0x99 CMakeFiles/project_button_watchdog.dir/PICO_SDK/src/rp2_common/pico_double/double_v1_rom_shim_rp2040.S.obj
 .debug_rnglists
                0x00001353       0xe5 CMakeFiles/project_button_watchdog.dir/PICO_SDK/src/rp2_common/pico_float/float_aeabi_rp2040.S.obj
 .debug_rnglists
                0x00001438       0x13 CMakeFiles/project_button_watchdog.dir/PICO_SDK/src/rp2_common/pico_float/float_init_rom_rp2040.c.obj
 .debug_rnglists
                0x0000144b       0x38 CMakeFiles/project_button_watchdog.dir/PICO_SDK/src/rp2_common/pico_float/float_v1_rom_shim_rp2040.S.obj
 .debug_rnglists
                0x00001483       0x25 CMakeFiles/project_button_watchdog.dir/PICO_SDK/src/rp2_common/pico_mem_ops/mem_ops_aeabi.S.obj
 .debug_rnglists
                0x000014a8      0x13d CMakeFiles/project_button_watchdog.dir/PICO_SDK/src/rp2_common/pico_printf/printf.c.obj
 .debug_rnglists
                0x000015e5       0x1b CMakeFiles/project_button_watchdog.dir/PICO_SDK/src/rp2_common/pico_crt0/crt0.S.obj
 .debug_rnglists
                0x00001600       0x97 CMakeFiles/project_button_watchdog.dir/PICO_SDK/src/rp2_common/pico_clib_interface/newlib_interface.c.obj
 .debug_rnglists
                0x00001697      0x144 CMakeFiles/project_button_watchdog.dir/PICO_SDK/src/rp2_common/pico_stdio/stdio.c.obj

.debug_line     0x00000000     0xeeaf
 .debug_line    0x00000000      0x62c CMakeFiles/project_button_watchdog.dir/platform/pico/main.c.obj
 .debug_line    0x0000062c      0x395 CMakeFiles/project_button_watchdog.dir/src/pb_watchdog.c.obj
 .debug_line    0x000009c1      0xf01 CMakeFiles/project_button_watchdog.dir/PICO_SDK/src/rp2_common/hardware_gpio/gpio.c.obj
 .debug_line    0x000018c2      0x26c CMakeFiles/project_button_watchdog.dir/PICO_SDK/src/rp2_common/pico_platform_panic/panic.c.obj
 .debug_line    0x00001b2e      0x564 CMakeFiles/project_button_watchdog.dir/PICO_SDK/src/common/hardware_claim/claim.c.obj
 .debug_line    0x00002092      0x41f CMakeFiles/project_button_watchdog.dir/PICO_SDK/src/rp2_common/hardware_sync/sync.c.obj
 .debug_line    0x000024b1      0x362 CMakeFiles/project_button_watchdog.dir/PICO_SDK/src/rp2_common/hardware_sync_spin_lock/sync_spin_lock.c.obj
 .debug_line    0x00002813     0x1409 CMakeFiles/project_button_watchdog.dir/PICO_SDK/src/rp2_common/hardware_irq/irq.c.obj
 .debug_line    0x00003c1c      0x288 CMakeFiles/project_button_watchdog.dir/PICO_SDK/src/common/pico_sync/lock_core.c.obj
 .debug_line    0x00003ea4     0x11d5 CMakeFiles/project_button_watchdog.dir/PICO_SDK/src/common/pico_sync/mutex.c.obj
 .debug_line    0x00005079     0x1bd5 CMakeFiles/project_button_watchdog.dir/PICO_SDK/src/common/pico_time/time.c.obj
 .debug_line    0x00006c4e      0xf40 CMakeFiles/project_button_watchdog.dir/PICO_SDK/src/rp2_common/hardware_timer/timer.c.obj
 .debug_line    0x00007b8e      0xd9a CMakeFiles/project_button_watchdog.dir/PICO_SDK/src/rp2_common/hardware_clocks/clocks.c.obj
 .debug_line    0x00008928      0x47d CMakeFiles/project_button_watchdog.dir/PICO_SDK/src/rp2_common/hardware_pll/pll.c.obj
 .debug_line    0x00008da5      0x56f CMakeFiles/project_button_watchdog.dir/PICO_SDK/src/rp2_common/hardware_watchdog/watchdog.c.obj
 .debug_line    0x00009314      0x2dd CMakeFiles/project_button_watchdog.dir/PICO_SDK/src/rp2_common/hardware_ticks/ticks.c.obj
 .debug_line    0x000095f1      0x32d CMakeFiles/project_button_watchdog.dir/PICO_SDK/src/rp2_common/pico_bootrom/bootrom.c.obj
 .debug_line    0x0000991e      0x307 CMakeFiles/project_button_watchdog.dir/PICO_SDK/src/rp2_common/hardware_xosc/xosc.c.obj
 .debug_line    0x00009c25      0x2ca CMakeFiles/project_button_watchdog.dir/PICO_SDK/src/rp2_common/pico_runtime/runtime.c.obj
 .debug_line    0x00009eef      0x584 CMakeFiles/project_button_watchdog.dir/PICO_SDK/src/rp2_common/pico_runtime_init/runtime_init.c.obj
 .debug_line    0x0000a473      0x4ad CMakeFiles/project_button_watchdog.dir/PICO_SDK/src/rp2_common/pico_runtime_init/runtime_init_clocks.c.obj
 .debug_line    0x0000a920      0x108 CMakeFiles/project_button_watchdog.dir/PICO_SDK/src/rp2_common/pico_bit_ops/bit_ops_aeabi.S.obj
 .debug_line    0x0000aa28      0x2ee CMakeFiles/project_button_watchdog.dir/PICO_SDK/src/rp2_common/pico_divider/divider_hardware.S.obj
 .debug_line    0x0000ad16      0x452 CMakeFiles/project_button_watchdog.dir/PICO_SDK/src/rp2_common/pico_double/double_aeabi_rp2040.S.obj
 .debug_line    0x0000b168      0x32c CMakeFiles/project_button_watchdog.dir/PICO_SDK/src/rp2_common/pico_double/double_init_rom_rp2040.c.obj
 .debug_line    0x0000b494      0x66d CMakeFiles/project_button_watchdog.dir/PICO_SDK/src/rp2_common/pico_double/double_v1_rom_shim_rp2040.S.obj
 .debug_line    0x0000bb01      0x3d2 CMakeFiles/project_button_watchdog.dir/PICO_SDK/src/rp2_common/pico_float/float_aeabi_rp2040.S.obj
 .debug_line    0x0000bed3      0x326 CMakeFiles/project_button_watchdog.dir/PICO_SDK/src/rp2_common/pico_float/float_init_rom_rp2040.c.obj
 .debug_line    0x0000c1f9      0x195 CMakeFiles/project_button_watchdog.dir/PICO_SDK/src/rp2_common/pico_float/float_v1_rom_shim_rp2040.S.obj
 .debug_line    0x0000c38e       0x94 CMakeFiles/project_button_watchdog.dir/PICO_SDK/src/rp2_common/pico_mem_ops/mem_ops_aeabi.S.obj
 .debug_line    0x0000c422      0x19d CMakeFiles/project_button_watchdog.dir/PICO_SDK/src/rp2_common/pico_standard_binary_info/standard_binary_info.c.obj
 .debug_line    0x0000c5bf     0x136c CMakeFiles/project_button_watchdog.dir/PICO_SDK/src/rp2_common/pico_printf/printf.c.obj
 .debug_line    0x0000d92b       0xa3 CMakeFiles/project_button_watchdog.dir/PICO_SDK/src/rp2_common/pico_crt0/crt0.S.obj
 .debug_line    0x0000d9ce      0x84e CMakeFiles/project_button_watchdog.dir/PICO_SDK/src/rp2_common/pico_clib_interface/newlib_interface.c.obj
 .debug_line    0x0000e21c      0xc93 CMakeFiles/project_button_watchdog.dir/PICO_SDK/src/rp2_common/pico_stdio/stdio.c.obj

.debug_str      0x00000000     0x46ee
 .debug_str     0x00000000     0x46ee CMakeFiles/project_button_watchdog.dir/platform/pico/main.c.obj
                                0x7c4 (size before relaxing)
 .debug_str     0x000046ee      0x33c CMakeFiles/project_button_watchdog.dir/src/pb_watchdog.c.obj
 .debug_str     0x000046ee      0xc9b CMakeFiles/project_button_watchdog.dir/PICO_SDK/src/rp2_common/hardware_gpio/gpio.c.obj
 .debug_str     0x000046ee      0x1c6 CMakeFiles/project_button_watchdog.dir/PICO_SDK/src/rp2_common/pico_platform_panic/panic.c.obj
 .debug_str     0x000046ee      0x349 CMakeFiles/project_button_watchdog.dir/PICO_SDK/src/common/hardware_claim/claim.c.obj
 .debug_str     0x000046ee      0x2f2 CMakeFiles/project_button_watchdog.dir/PICO_SDK/src/rp2_common/hardware_sync/sync.c.obj
 .debug_str     0x000046ee      0x205 CMakeFiles/project_button_watchdog.dir/PICO_SDK/src/rp2_common/hardware_sync_spin_lock/sync_spin_lock.c.obj
 .debug_str     0x000046ee      0xab5 CMakeFiles/project_button_watchdog.dir/PICO_SDK/src/rp2_common/hardware_irq/irq.c.obj
 .debug_str     0x000046ee      0x1d1 CMakeFiles/project_button_watchdog.dir/PICO_SDK/src/common/pico_sync/lock_core.c.obj
 .debug_str     0x000046ee      0x7ac CMakeFiles/project_button_watchdog.dir/PICO_SDK/src/common/pico_sync/mutex.c.obj
 .debug_str     0x000046ee     0x11b3 CMakeFiles/project_button_watchdog.dir/PICO_SDK/src/common/pico_time/time.c.obj
 .debug_str     0x000046ee      0x9f4 CMakeFiles/project_button_watchdog.dir/PICO_SDK/src/rp2_common/hardware_timer/timer.c.obj
 .debug_str     0x000046ee      0xe96 CMakeFiles/project_button_watchdog.dir/PICO_SDK/src/rp2_common/hardware_clocks/clocks.c.obj
 .debug_str     0x000046ee      0x430 CMakeFiles/project_button_watchdog.dir/PICO_SDK/src/rp2_common/hardware_pll/pll.c.obj
 .debug_str     0x000046ee      0x388 CMakeFiles/project_button_watchdog.dir/PICO_SDK/src/rp2_common/hardware_watchdog/watchdog.c.obj
 .debug_str     0x000046ee      0x253 CMakeFiles/project_button_watchdog.dir/PICO_SDK/src/rp2_common/hardware_ticks/ticks.c.obj
 .debug_str     0x000046ee      0x318 CMakeFiles/project_button_watchdog.dir/PICO_SDK/src/rp2_common/pico_bootrom/bootrom.c.obj
 .debug_str     0x000046ee      0x208 CMakeFiles/project_button_watchdog.dir/PICO_SDK/src/rp2_common/hardware_xosc/xosc.c.obj
 .debug_str     0x000046ee      0x258 CMakeFiles/project_button_watchdog.dir/PICO_SDK/src/rp2_common/pico_runtime/runtime.c.obj
 .debug_str     0x000046ee      0x78b CMakeFiles/project_button_watchdog.dir/PICO_SDK/src/rp2_common/pico_runtime_init/runtime_init.c.obj
 .debug_str     0x000046ee      0x460 CMakeFiles/project_button_watchdog.dir/PICO_SDK/src/rp2_common/pico_runtime_init/runtime_init_clocks.c.obj
 .debug_str     0x000046ee       0x52 CMakeFiles/project_button_watchdog.dir/PICO_SDK/src/rp2_common/pico_bit_ops/bit_ops_aeabi.S.obj
 .debug_str     0x000046ee       0x55 CMakeFiles/project_button_watchdog.dir/PICO_SDK/src/rp2_common/pico_divider/divider_hardware.S.obj
 .debug_str     0x000046ee       0x57 CMakeFiles/project_button_watchdog.dir/PICO_SDK/src/rp2_common/pico_double/double_aeabi_rp2040.S.obj
 .debug_str     0x000046ee      0x28e CMakeFiles/project_button_watchdog.dir/PICO_SDK/src/rp2_common/pico_double/double_init_rom_rp2040.c.obj
 .debug_str     0x000046ee       0x5d CMakeFiles/project_button_watchdog.dir/PICO_SDK/src/rp2_common/pico_double/double_v1_rom_shim_rp2040.S.obj
 .debug_str     0x000046ee       0x55 CMakeFiles/project_button_watchdog.dir/PICO_SDK/src/rp2_common/pico_float/float_aeabi_rp2040.S.obj
 .debug_str     0x000046ee      0x273 CMakeFiles/project_button_watchdog.dir/PICO_SDK/src/rp2_common/pico_float/float_init_rom_rp2040.c.obj
 .debug_str     0x000046ee       0x5b CMakeFiles/project_button_watchdog.dir/PICO_SDK/src/rp2_common/pico_float/float_v1_rom_shim_rp2040.S.obj
 .debug_str     0x000046ee       0x52 CMakeFiles/project_button_watchdog.dir/PICO_SDK/src/rp2_common/pico_mem_ops/mem_ops_aeabi.S.obj
 .debug_str     0x000046ee      0x436 CMakeFiles/project_button_watchdog.dir/PICO_SDK/src/rp2_common/pico_standard_binary_info/standard_binary_info.c.obj
 .debug_str     0x000046ee      0x4aa CMakeFiles/project_button_watchdog.dir/PICO_SDK/src/rp2_common/pico_printf/printf.c.obj
 .debug_str     0x000046ee       0x46 CMakeFiles/project_button_watchdog.dir/PICO_SDK/src/rp2_common/pico_crt0/crt0.S.obj
 .debug_str     0x000046ee      0x754 CMakeFiles/project_button_watchdog.dir/PICO_SDK/src/rp2_common/pico_clib_interface/newlib_interface.c.obj
 .debug_str     0x000046ee      0xac8 CMakeFiles/project_button_watchdog.dir/PICO_SDK/src/rp2_common/pico_stdio/stdio.c.obj

.comment        0x00000000       0x46
 .comment       0x00000000       0x46 CMakeFiles/project_button_watchdog.dir/platform/pico/main.c.obj
                                 0x47 (size before relaxing)
 .comment       0x00000046       0x47 CMakeFiles/project_button_watchdog.dir/src/pb_watchdog.c.obj
 .comment       0x00000046       0x47 CMakeFiles/project_button_watchdog.dir/PICO_SDK/src/rp2_common/hardware_gpio/gpio.c.obj
 .comment       0x00000046       0x47 CMakeFiles/project_button_watchdog.dir/PICO_SDK/src/rp2_common/pico_platform_panic/panic.c.obj
 .comment       0x00000046       0x47 CMakeFiles/project_button_watchdog.dir/PICO_SDK/src/common/hardware_claim/claim.c.obj
 .comment       0x00000046       0x47 CMakeFiles/project_button_watchdog.dir/PICO_SDK/src/rp2_common/hardware_sync/sync.c.obj
 .comment       0x00000046       0x47 CMakeFiles/project_button_watchdog.dir/PICO_SDK/src/rp2_common/hardware_sync_spin_lock/sync_spin_lock.c.obj
 .comment       0x00000046       0x47 CMakeFiles/project_button_watchdog.dir/PICO_SDK/src/rp2_common/hardware_irq/irq.c.obj
 .comment       0x00000046       0x47 CMakeFiles/project_button_watchdog.dir/PICO_SDK/src/common/pico_sync/lock_core.c.obj
 .comment       0x00000046       0x47 CMakeFiles/project_button_watchdog.dir/PICO_SDK/src/common/pico_sync/mutex.c.obj
 .comment       0x00000046       0x47 CMakeFiles/project_button_watchdog.dir/PICO_SDK/src/common/pico_time/time.c.obj
 .comment       0x00000046       0x47 CMakeFiles/project_button_watchdog.dir/PICO_SDK/src/rp2_common/hardware_timer/timer.c.obj
 .comment       0x00000046       0x47 CMakeFiles/project_button_watchdog.dir/PICO_SDK/src/rp2_common/hardware_clocks/clocks.c.obj
 .comment       0x00000046       0x47 CMakeFiles/project_button_watchdog.dir/PICO_SDK/src/rp2_common/hardware_pll/pll.c.obj
 .comment       0x00000046       0x47 CMakeFiles/project_button_watchdog.dir/PICO_SDK/src/rp2_common/hardware_watchdog/watchdog.c.obj
 .comment       0x00000046       0x47 CMakeFiles/project_button_watchdog.dir/PICO_SDK/src/rp2_common/hardware_ticks/ticks.c.obj
 .comment       0x00000046       0x47 CMakeFiles/project_button_watchdog.dir/PICO_SDK/src/rp2_common/pico_bootrom/bootrom.c.obj
 .comment       0x00000046       0x47 CMakeFiles/project_button_watchdog.dir/PICO_SDK/src/rp2_common/hardware_xosc/xosc.c.obj
 .comment       0x00000046       0x47 CMakeFiles/project_button_watchdog.dir/PICO_SDK/src/rp2_common/pico_runtime/runtime.c.obj
 .comment       0x00000046       0x47 CMakeFiles/project_button_watchdog.dir/PICO_SDK/src/rp2_common/pico_runtime_init/runtime_init.c.obj
 .comment       0x00000046       0x47 CMakeFiles/project_button_watchdog.dir/PICO_SDK/src/rp2_common/pico_runtime_init/runtime_init_clocks.c.obj
 .comment       0x00000046       0x47 CMakeFiles/project_button_watchdog.dir/PICO_SDK/src/rp2_common/pico_double/double_init_rom_rp2040.c.obj
 .comment       0x00000046       0x47 CMakeFiles/project_button_watchdog.dir/PICO_SDK/src/rp2_common/pico_float/float_init_rom_rp2040.c.obj
 .comment       0x00000046       0x47 CMakeFiles/project_button_watchdog.dir/PICO_SDK/src/rp2_common/pico_standard_binary_info/standard_binary_info.c.obj
 .comment       0x00000046       0x47 CMakeFiles/project_button_watchdog.dir/PICO_SDK/src/rp2_common/pico_printf/printf.c.obj
 .comment       0x00000046       0x47 CMakeFiles/project_button_watchdog.dir/PICO_SDK/src/rp2_common/pico_clib_interface/newlib_interface.c.obj