** Drc report for hr30-actuator-branch-pdu-p0.1.kicad_pcb **
** Created on 2026-08-15T03:08:04 **
** Report includes: Errors, Warnings, Exclusions **

** Found 42 DRC violations **
[hole_clearance]: Hole clearance violation (board setup constraints hole clearance 0.1000 mm; actual 0.0000 mm)
    Rule: board setup constraints hole; error
    @(77.9600 mm, 3.8000 mm): PTH pad 2 [BRANCH_6_12V] of J106
    @(79.0000 mm, 3.0000 mm): NPTH pad of MH2
[hole_clearance]: Hole clearance violation (board setup constraints hole clearance 0.1000 mm; actual 0.0000 mm)
    Rule: board setup constraints hole; error
    @(77.9600 mm, 3.8000 mm): PTH pad 2 [BRANCH_6_12V] of J106
    @(79.0000 mm, 3.0000 mm): NPTH pad of MH2
[hole_clearance]: Hole clearance violation (board setup constraints hole clearance 0.1000 mm; actual 0.0000 mm)
    Rule: board setup constraints hole; error
    @(77.9600 mm, 3.8000 mm): PTH pad 2 [BRANCH_6_12V] of J106
    @(79.0000 mm, 3.0000 mm): NPTH pad of MH2
[hole_clearance]: Hole clearance violation (board setup constraints hole clearance 0.1000 mm; actual 0.0000 mm)
    Rule: board setup constraints hole; error
    @(77.9600 mm, 3.8000 mm): PTH pad 2 [BRANCH_6_12V] of J106
    @(79.0000 mm, 3.0000 mm): NPTH pad of MH2
[hole_clearance]: Hole clearance violation (board setup constraints hole clearance 0.1000 mm; actual 0.0000 mm)
    Rule: board setup constraints hole; error
    @(77.9600 mm, 3.8000 mm): PTH pad 2 [BRANCH_6_12V] of J106
    @(79.0000 mm, 3.0000 mm): NPTH pad of MH2
[hole_clearance]: Hole clearance violation (board setup constraints hole clearance 0.1000 mm; actual 0.0000 mm)
    Rule: board setup constraints hole; error
    @(77.9600 mm, 3.8000 mm): PTH pad 2 [BRANCH_6_12V] of J106
    @(79.0000 mm, 3.0000 mm): NPTH pad of MH2
[courtyards_overlap]: Courtyards overlap
    Rule: board setup constraints courtyard; error
    @(8.5000 mm, 36.0000 mm): Footprint J1
    @(3.0000 mm, 39.0000 mm): Footprint MH3
[npth_inside_courtyard]: NPTH inside courtyard
    Local override; error
    @(3.0000 mm, 39.0000 mm): NPTH pad of MH3
    @(8.5000 mm, 36.0000 mm): Footprint J1
[courtyards_overlap]: Courtyards overlap
    Rule: board setup constraints courtyard; error
    @(79.0000 mm, 3.0000 mm): Footprint MH2
    @(74.0000 mm, 3.8000 mm): Footprint J106
[pth_inside_courtyard]: PTH inside courtyard
    Local override; error
    @(77.9600 mm, 3.8000 mm): PTH pad 2 [BRANCH_6_12V] of J106
    @(79.0000 mm, 3.0000 mm): Footprint MH2
[npth_inside_courtyard]: NPTH inside courtyard
    Local override; error
    @(79.0000 mm, 3.0000 mm): NPTH pad of MH2
    @(74.0000 mm, 3.8000 mm): Footprint J106
[courtyards_overlap]: Courtyards overlap
    Rule: board setup constraints courtyard; error
    @(8.0000 mm, 3.8000 mm): Footprint J101
    @(3.0000 mm, 3.0000 mm): Footprint MH1
[solder_mask_bridge]: Front solder mask aperture bridges items with different nets
    Rule: board setup solder mask min width; error
    @(79.0000 mm, 3.0000 mm): NPTH pad of MH2
    @(77.9600 mm, 3.8000 mm): PTH pad 2 [BRANCH_6_12V] of J106
[solder_mask_bridge]: Rear solder mask aperture bridges items with different nets
    Rule: board setup solder mask min width; error
    @(79.0000 mm, 3.0000 mm): NPTH pad of MH2
    @(77.9600 mm, 3.8000 mm): PTH pad 2 [BRANCH_6_12V] of J106
[silk_edge_clearance]: Silkscreen clipped by board edge
    Rule: board setup constraints silk; warning
    @(82.0000 mm, 42.0000 mm): Segment on Edge.Cuts
    @(3.6200 mm, 44.1200 mm): Segment of J1 on F.Silkscreen
[silk_edge_clearance]: Silkscreen clipped by board edge
    Rule: board setup constraints silk; warning
    @(82.0000 mm, 42.0000 mm): Segment on Edge.Cuts
    @(22.9000 mm, 31.3800 mm): Segment of J1 on F.Silkscreen
[silk_edge_clearance]: Silkscreen clipped by board edge
    Rule: board setup constraints silk; warning
    @(0.0000 mm, 0.0000 mm): Segment on Edge.Cuts
    @(33.5400 mm, -0.0100 mm): Segment of J103 on F.Silkscreen
[silk_edge_clearance]: Silkscreen clipped by board edge
    Rule: board setup constraints silk; warning
    @(0.0000 mm, 0.0000 mm): Segment on Edge.Cuts
    @(33.5400 mm, 1.6900 mm): Segment of J103 on F.Silkscreen
[silk_edge_clearance]: Silkscreen clipped by board edge
    Rule: board setup constraints silk; warning
    @(0.0000 mm, 0.0000 mm): Segment on Edge.Cuts
    @(39.2200 mm, -0.0100 mm): Segment of J103 on F.Silkscreen
[silk_edge_clearance]: Silkscreen clipped by board edge
    Rule: board setup constraints silk; warning
    @(0.0000 mm, 0.0000 mm): Segment on Edge.Cuts
    @(73.1400 mm, -0.0100 mm): Segment of J106 on F.Silkscreen
[silk_edge_clearance]: Silkscreen clipped by board edge
    Rule: board setup constraints silk; warning
    @(0.0000 mm, 0.0000 mm): Segment on Edge.Cuts
    @(73.1400 mm, 1.6900 mm): Segment of J106 on F.Silkscreen
[silk_edge_clearance]: Silkscreen clipped by board edge
    Rule: board setup constraints silk; warning
    @(0.0000 mm, 0.0000 mm): Segment on Edge.Cuts
    @(78.8200 mm, -0.0100 mm): Segment of J106 on F.Silkscreen
[silk_edge_clearance]: Silkscreen clipped by board edge
    Rule: board setup constraints silk; warning
    @(0.0000 mm, 0.0000 mm): Segment on Edge.Cuts
    @(20.3400 mm, -0.0100 mm): Segment of J102 on F.Silkscreen
[silk_edge_clearance]: Silkscreen clipped by board edge
    Rule: board setup constraints silk; warning
    @(0.0000 mm, 0.0000 mm): Segment on Edge.Cuts
    @(20.3400 mm, 1.6900 mm): Segment of J102 on F.Silkscreen
[silk_edge_clearance]: Silkscreen clipped by board edge
    Rule: board setup constraints silk; warning
    @(0.0000 mm, 0.0000 mm): Segment on Edge.Cuts
    @(26.0200 mm, -0.0100 mm): Segment of J102 on F.Silkscreen
[silk_edge_clearance]: Silkscreen clipped by board edge
    Rule: board setup constraints silk; warning
    @(0.0000 mm, 0.0000 mm): Segment on Edge.Cuts
    @(7.1400 mm, -0.0100 mm): Segment of J101 on F.Silkscreen
[silk_edge_clearance]: Silkscreen clipped by board edge
    Rule: board setup constraints silk; warning
    @(0.0000 mm, 0.0000 mm): Segment on Edge.Cuts
    @(7.1400 mm, 1.6900 mm): Segment of J101 on F.Silkscreen
[silk_edge_clearance]: Silkscreen clipped by board edge
    Rule: board setup constraints silk; warning
    @(0.0000 mm, 0.0000 mm): Segment on Edge.Cuts
    @(12.8200 mm, -0.0100 mm): Segment of J101 on F.Silkscreen
[silk_edge_clearance]: Silkscreen clipped by board edge
    Rule: board setup constraints silk; warning
    @(0.0000 mm, 0.0000 mm): Segment on Edge.Cuts
    @(46.7400 mm, -0.0100 mm): Segment of J104 on F.Silkscreen
[silk_edge_clearance]: Silkscreen clipped by board edge
    Rule: board setup constraints silk; warning
    @(0.0000 mm, 0.0000 mm): Segment on Edge.Cuts
    @(46.7400 mm, 1.6900 mm): Segment of J104 on F.Silkscreen
[silk_edge_clearance]: Silkscreen clipped by board edge
    Rule: board setup constraints silk; warning
    @(0.0000 mm, 0.0000 mm): Segment on Edge.Cuts
    @(52.4200 mm, -0.0100 mm): Segment of J104 on F.Silkscreen
[silk_edge_clearance]: Silkscreen clipped by board edge
    Rule: board setup constraints silk; warning
    @(0.0000 mm, 0.0000 mm): Segment on Edge.Cuts
    @(59.9400 mm, -0.0100 mm): Segment of J105 on F.Silkscreen
[silk_edge_clearance]: Silkscreen clipped by board edge
    Rule: board setup constraints silk; warning
    @(0.0000 mm, 0.0000 mm): Segment on Edge.Cuts
    @(59.9400 mm, 1.6900 mm): Segment of J105 on F.Silkscreen
[silk_edge_clearance]: Silkscreen clipped by board edge
    Rule: board setup constraints silk; warning
    @(0.0000 mm, 0.0000 mm): Segment on Edge.Cuts
    @(65.6200 mm, -0.0100 mm): Segment of J105 on F.Silkscreen
[hole_to_hole]: Drilled hole too close to other hole (board setup constraints min 0.2495 mm; actual 0.0000 mm)
    Rule: board setup constraints; warning
    @(77.9600 mm, 3.8000 mm): PTH pad 2 [BRANCH_6_12V] of J106
    @(79.0000 mm, 3.0000 mm): NPTH pad of MH2
[text_height]: Text height out of range (board setup constraints silk text height min height 0.8000 mm; actual 0.7000 mm)
    Rule: board setup constraints silk text height; warning
    @(18.0000 mm, 40.2000 mm): PCB text 'COMMISSIONING ONLY - REGEN / THERMAL OPEN' on B.Silkscreen
[text_height]: Text height out of range (board setup constraints silk text height min height 0.8000 mm; actual 0.7500 mm)
    Rule: board setup constraints silk text height; warning
    @(23.0000 mm, 1.7000 mm): PCB text 'HR-30 6CH BRANCH PDU P0.1' on B.Silkscreen
[silk_over_copper]: Silkscreen clipped by solder mask
    Local override; warning
    @(3.6200 mm, 39.5000 mm): Segment of J1 on F.Silkscreen
[silk_over_copper]: Silkscreen clipped by solder mask
    Local override; warning
    @(3.6200 mm, 44.1200 mm): Segment of J1 on F.Silkscreen
[silk_over_copper]: Silkscreen clipped by solder mask
    Local override; warning
    @(78.8200 mm, -0.0100 mm): Segment of J106 on F.Silkscreen
[silk_over_copper]: Silkscreen clipped by solder mask
    Local override; warning
    @(78.8200 mm, 1.6900 mm): Segment of J106 on F.Silkscreen
[silk_over_copper]: Silkscreen clipped by solder mask
    Local override; warning
    @(80.0200 mm, 1.6900 mm): Segment of J106 on F.Silkscreen

** Found 158 unconnected pads **
[unconnected_items]: Missing connection between items
    Local override; error
    @(41.3750 mm, 37.9500 mm): Pad 7 [CH5_EN] of J2 on F.Cu
    @(55.5750 mm, 29.0000 mm): Pad 2 [CH5_EN] of R501 on B.Cu
[unconnected_items]: Missing connection between items
    Local override; error
    @(55.5750 mm, 29.0000 mm): Pad 2 [CH5_EN] of R501 on B.Cu
    @(61.6250 mm, 29.0000 mm): Pad 1 [CH5_EN] of R502 on B.Cu
[unconnected_items]: Missing connection between items
    Local override; error
    @(61.6250 mm, 29.0000 mm): Pad 1 [CH5_EN] of R502 on B.Cu
    @(60.0750 mm, 21.3750 mm): Pad 1 [CH5_EN] of U205 on F.Cu
[unconnected_items]: Missing connection between items
    Local override; error
    @(59.9000 mm, 20.7250 mm): Pad 2 [CH5_OV] of U205 on F.Cu
    @(59.9750 mm, 29.0000 mm): Pad 2 [CH5_OV] of R502 on B.Cu
[unconnected_items]: Missing connection between items
    Local override; error
    @(59.9750 mm, 29.0000 mm): Pad 2 [CH5_OV] of R502 on B.Cu
    @(66.0250 mm, 29.0000 mm): Pad 1 [CH5_OV] of R503 on B.Cu
[unconnected_items]: Missing connection between items
    Local override; error
    @(48.8750 mm, 37.9500 mm): Pad 13 [CH5_PG] of J2 on F.Cu
    @(59.9000 mm, 20.2750 mm): Pad 3 [CH5_PG] of U205 on F.Cu
[unconnected_items]: Missing connection between items
    Local override; error
    @(59.9000 mm, 19.8000 mm): Pad 4 [CH5_PGTH] of U205 on F.Cu
    @(56.9750 mm, 25.3000 mm): Pad 2 [CH5_PGTH] of R504 on B.Cu
[unconnected_items]: Missing connection between items
    Local override; error
    @(59.9000 mm, 19.8000 mm): Pad 4 [CH5_PGTH] of U205 on F.Cu
    @(64.6250 mm, 25.3000 mm): Pad 1 [CH5_PGTH] of R505 on B.Cu
[unconnected_items]: Missing connection between items
    Local override; error
    @(4.4250 mm, 29.0000 mm): Pad 1 [PDU_12V_IN] of R101 on B.Cu
    @(7.7500 mm, 20.5000 mm): Pad 5 [PDU_12V_IN] of U201 on F.Cu
[unconnected_items]: Missing connection between items
    Local override; error
    @(7.7500 mm, 20.5000 mm): Pad 5 [PDU_12V_IN] of U201 on F.Cu
    @(4.2750 mm, 11.5000 mm): Pad 1 [PDU_12V_IN] of C101 on B.Cu
[unconnected_items]: Missing connection between items
    Local override; error
    @(17.4750 mm, 11.5000 mm): Pad 1 [PDU_12V_IN] of C201 on B.Cu
    @(20.9500 mm, 20.5000 mm): Pad 5 [PDU_12V_IN] of U202 on F.Cu
[unconnected_items]: Missing connection between items
    Local override; error
    @(17.6250 mm, 29.0000 mm): Pad 1 [PDU_12V_IN] of R201 on B.Cu
    @(7.7500 mm, 20.5000 mm): Pad 5 [PDU_12V_IN] of U201 on F.Cu
[unconnected_items]: Missing connection between items
    Local override; error
    @(18.0200 mm, 36.0000 mm): PTH pad 2 [PDU_12V_IN] of J1
    @(17.6250 mm, 29.0000 mm): Pad 1 [PDU_12V_IN] of R201 on B.Cu
[unconnected_items]: Missing connection between items
    Local override; error
    @(20.9500 mm, 20.5000 mm): Pad 5 [PDU_12V_IN] of U202 on F.Cu
    @(17.6250 mm, 29.0000 mm): Pad 1 [PDU_12V_IN] of R201 on B.Cu
[unconnected_items]: Missing connection between items
    Local override; error
    @(30.8250 mm, 29.0000 mm): Pad 1 [PDU_12V_IN] of R301 on B.Cu
    @(34.1500 mm, 20.5000 mm): Pad 5 [PDU_12V_IN] of U203 on F.Cu
[unconnected_items]: Missing connection between items
    Local override; error
    @(30.8250 mm, 29.0000 mm): Pad 1 [PDU_12V_IN] of R301 on B.Cu
    @(20.9500 mm, 20.5000 mm): Pad 5 [PDU_12V_IN] of U202 on F.Cu
[unconnected_items]: Missing connection between items
    Local override; error
    @(34.1500 mm, 20.5000 mm): Pad 5 [PDU_12V_IN] of U203 on F.Cu
    @(30.6750 mm, 11.5000 mm): Pad 1 [PDU_12V_IN] of C301 on B.Cu
[unconnected_items]: Missing connection between items
    Local override; error
    @(43.8750 mm, 11.5000 mm): Pad 1 [PDU_12V_IN] of C401 on B.Cu
    @(47.3500 mm, 20.5000 mm): Pad 5 [PDU_12V_IN] of U204 on F.Cu
[unconnected_items]: Missing connection between items
    Local override; error
    @(44.0250 mm, 29.0000 mm): Pad 1 [PDU_12V_IN] of R401 on B.Cu
    @(34.1500 mm, 20.5000 mm): Pad 5 [PDU_12V_IN] of U203 on F.Cu
[unconnected_items]: Missing connection between items
    Local override; error
    @(47.3500 mm, 20.5000 mm): Pad 5 [PDU_12V_IN] of U204 on F.Cu
    @(44.0250 mm, 29.0000 mm): Pad 1 [PDU_12V_IN] of R401 on B.Cu
[unconnected_items]: Missing connection between items
    Local override; error
    @(57.2250 mm, 29.0000 mm): Pad 1 [PDU_12V_IN] of R501 on B.Cu
    @(60.5500 mm, 20.5000 mm): Pad 5 [PDU_12V_IN] of U205 on F.Cu
[unconnected_items]: Missing connection between items
    Local override; error
    @(57.2250 mm, 29.0000 mm): Pad 1 [PDU_12V_IN] of R501 on B.Cu
    @(47.3500 mm, 20.5000 mm): Pad 5 [PDU_12V_IN] of U204 on F.Cu
[unconnected_items]: Missing connection between items
    Local override; error
    @(60.5500 mm, 20.5000 mm): Pad 5 [PDU_12V_IN] of U205 on F.Cu
    @(57.0750 mm, 11.5000 mm): Pad 1 [PDU_12V_IN] of C501 on B.Cu
[unconnected_items]: Missing connection between items
    Local override; error
    @(70.4250 mm, 29.0000 mm): Pad 1 [PDU_12V_IN] of R601 on B.Cu
    @(73.7500 mm, 20.5000 mm): Pad 5 [PDU_12V_IN] of U206 on F.Cu
[unconnected_items]: Missing connection between items
    Local override; error
    @(70.4250 mm, 29.0000 mm): Pad 1 [PDU_12V_IN] of R601 on B.Cu
    @(60.5500 mm, 20.5000 mm): Pad 5 [PDU_12V_IN] of U205 on F.Cu
[unconnected_items]: Missing connection between items
    Local override; error
    @(73.7500 mm, 20.5000 mm): Pad 5 [PDU_12V_IN] of U206 on F.Cu
    @(70.2750 mm, 11.5000 mm): Pad 1 [PDU_12V_IN] of C601 on B.Cu
[unconnected_items]: Missing connection between items
    Local override; error
    @(58.6250 mm, 25.3000 mm): Pad 1 [BRANCH_5_12V] of R504 on B.Cu
    @(61.0500 mm, 20.5000 mm): Pad 6 [BRANCH_5_12V] of U205 on F.Cu
[unconnected_items]: Missing connection between items
    Local override; error
    @(61.0500 mm, 20.5000 mm): Pad 6 [BRANCH_5_12V] of U205 on F.Cu
    @(66.0750 mm, 11.5000 mm): Pad 1 [BRANCH_5_12V] of C502 on B.Cu
[unconnected_items]: Missing connection between items
    Local override; error
    @(64.7600 mm, 3.8000 mm): PTH pad 2 [BRANCH_5_12V] of J105
    @(58.8000 mm, 8.0000 mm): Pad 2 [BRANCH_5_12V] of D501 on B.Cu
[unconnected_items]: Missing connection between items
    Local override; error
    @(66.0750 mm, 11.5000 mm): Pad 1 [BRANCH_5_12V] of C502 on B.Cu
    @(64.7600 mm, 3.8000 mm): PTH pad 2 [BRANCH_5_12V] of J105
[unconnected_items]: Missing connection between items
    Local override; error
    @(64.5750 mm, 15.7000 mm): Pad 1 [CH5_DVDT] of C503 on B.Cu
    @(61.5250 mm, 19.6250 mm): Pad 7 [CH5_DVDT] of U205 on F.Cu
[unconnected_items]: Missing connection between items
    Local override; error
    @(4.1750 mm, 15.7000 mm): Pad 2 [PDU_0V] of R106 on B.Cu
    @(2.7250 mm, 11.5000 mm): Pad 2 [PDU_0V] of C101 on B.Cu
[unconnected_items]: Missing connection between items
    Local override; error
    @(8.5000 mm, 36.0000 mm): PTH pad 1 [PDU_0V] of J1
    @(11.5750 mm, 29.0000 mm): Pad 2 [PDU_0V] of R103 on B.Cu
[unconnected_items]: Missing connection between items
    Local override; error
    @(10.0000 mm, 8.0000 mm): Pad 1 [PDU_0V] of D101 on B.Cu
    @(8.0000 mm, 3.8000 mm): PTH pad 1 [PDU_0V] of J101
[unconnected_items]: Missing connection between items
    Local override; error
    @(10.1750 mm, 25.3000 mm): Pad 2 [PDU_0V] of R105 on B.Cu
    @(11.5750 mm, 29.0000 mm): Pad 2 [PDU_0V] of R103 on B.Cu
[unconnected_items]: Missing connection between items
    Local override; error
    @(10.1750 mm, 25.3000 mm): Pad 2 [PDU_0V] of R105 on B.Cu
    @(8.9000 mm, 20.2750 mm): Pad 8 [PDU_0V] of U201 on F.Cu
[unconnected_items]: Missing connection between items
    Local override; error
    @(10.2250 mm, 15.7000 mm): Pad 2 [PDU_0V] of C103 on B.Cu
    @(11.7250 mm, 11.5000 mm): Pad 2 [PDU_0V] of C102 on B.Cu
[unconnected_items]: Missing connection between items
    Local override; error
    @(10.2250 mm, 15.7000 mm): Pad 2 [PDU_0V] of C103 on B.Cu
    @(8.9000 mm, 20.2750 mm): Pad 8 [PDU_0V] of U201 on F.Cu
[unconnected_items]: Missing connection between items
    Local override; error
    @(10.2250 mm, 15.7000 mm): Pad 2 [PDU_0V] of C103 on B.Cu
    @(4.1750 mm, 15.7000 mm): Pad 2 [PDU_0V] of R106 on B.Cu
[unconnected_items]: Missing connection between items
    Local override; error
    @(11.7250 mm, 11.5000 mm): Pad 2 [PDU_0V] of C102 on B.Cu
    @(10.0000 mm, 8.0000 mm): Pad 1 [PDU_0V] of D101 on B.Cu
[unconnected_items]: Missing connection between items
    Local override; error
    @(15.9250 mm, 11.5000 mm): Pad 2 [PDU_0V] of C201 on B.Cu
    @(11.7250 mm, 11.5000 mm): Pad 2 [PDU_0V] of C102 on B.Cu
[unconnected_items]: Missing connection between items
    Local override; error
    @(17.3750 mm, 15.7000 mm): Pad 2 [PDU_0V] of R206 on B.Cu
    @(15.9250 mm, 11.5000 mm): Pad 2 [PDU_0V] of C201 on B.Cu
[unconnected_items]: Missing connection between items
    Local override; error
    @(17.3750 mm, 15.7000 mm): Pad 2 [PDU_0V] of R206 on B.Cu
    @(23.4250 mm, 15.7000 mm): Pad 2 [PDU_0V] of C203 on B.Cu
[unconnected_items]: Missing connection between items
    Local override; error
    @(21.2000 mm, 3.8000 mm): PTH pad 1 [PDU_0V] of J102
    @(23.2000 mm, 8.0000 mm): Pad 1 [PDU_0V] of D201 on B.Cu
[unconnected_items]: Missing connection between items
    Local override; error
    @(23.2000 mm, 8.0000 mm): Pad 1 [PDU_0V] of D201 on B.Cu
    @(24.9250 mm, 11.5000 mm): Pad 2 [PDU_0V] of C202 on B.Cu
[unconnected_items]: Missing connection between items
    Local override; error
    @(23.3750 mm, 25.3000 mm): Pad 2 [PDU_0V] of R205 on B.Cu
    @(22.1000 mm, 20.2750 mm): Pad 8 [PDU_0V] of U202 on F.Cu
[unconnected_items]: Missing connection between items
    Local override; error
    @(23.4250 mm, 15.7000 mm): Pad 2 [PDU_0V] of C203 on B.Cu
    @(24.9250 mm, 11.5000 mm): Pad 2 [PDU_0V] of C202 on B.Cu
[unconnected_items]: Missing connection between items
    Local override; error
    @(23.4250 mm, 15.7000 mm): Pad 2 [PDU_0V] of C203 on B.Cu
    @(22.1000 mm, 20.2750 mm): Pad 8 [PDU_0V] of U202 on F.Cu
[unconnected_items]: Missing connection between items
    Local override; error
    @(24.7750 mm, 29.0000 mm): Pad 2 [PDU_0V] of R203 on B.Cu
    @(23.3750 mm, 25.3000 mm): Pad 2 [PDU_0V] of R205 on B.Cu
[unconnected_items]: Missing connection between items
    Local override; error
    @(29.1250 mm, 11.5000 mm): Pad 2 [PDU_0V] of C301 on B.Cu
    @(24.9250 mm, 11.5000 mm): Pad 2 [PDU_0V] of C202 on B.Cu
[unconnected_items]: Missing connection between items
    Local override; error
    @(29.1250 mm, 11.5000 mm): Pad 2 [PDU_0V] of C301 on B.Cu
    @(30.5750 mm, 15.7000 mm): Pad 2 [PDU_0V] of R306 on B.Cu
[unconnected_items]: Missing connection between items
    Local override; error
    @(30.5750 mm, 15.7000 mm): Pad 2 [PDU_0V] of R306 on B.Cu
    @(36.6250 mm, 15.7000 mm): Pad 2 [PDU_0V] of C303 on B.Cu
[unconnected_items]: Missing connection between items
    Local override; error
    @(33.8750 mm, 37.9500 mm): Pad 1 [PDU_0V] of J2 on F.Cu
    @(35.1250 mm, 37.9500 mm): Pad 2 [PDU_0V] of J2 on F.Cu
[unconnected_items]: Missing connection between items
    Local override; error
    @(34.4000 mm, 3.8000 mm): PTH pad 1 [PDU_0V] of J103
    @(36.4000 mm, 8.0000 mm): Pad 1 [PDU_0V] of D301 on B.Cu
[unconnected_items]: Missing connection between items
    Local override; error
    @(35.1250 mm, 37.9500 mm): Pad 2 [PDU_0V] of J2 on F.Cu
    @(37.9750 mm, 29.0000 mm): Pad 2 [PDU_0V] of R303 on B.Cu
[unconnected_items]: Missing connection between items
    Local override; error
    @(35.3000 mm, 20.2750 mm): Pad 8 [PDU_0V] of U203 on F.Cu
    @(36.6250 mm, 15.7000 mm): Pad 2 [PDU_0V] of C303 on B.Cu
[unconnected_items]: Missing connection between items
    Local override; error
    @(35.3000 mm, 20.2750 mm): Pad 8 [PDU_0V] of U203 on F.Cu
    @(36.5750 mm, 25.3000 mm): Pad 2 [PDU_0V] of R305 on B.Cu
[unconnected_items]: Missing connection between items
    Local override; error
    @(36.4000 mm, 8.0000 mm): Pad 1 [PDU_0V] of D301 on B.Cu
    @(38.1250 mm, 11.5000 mm): Pad 2 [PDU_0V] of C302 on B.Cu
[unconnected_items]: Missing connection between items
    Local override; error
    @(36.5750 mm, 25.3000 mm): Pad 2 [PDU_0V] of R305 on B.Cu
    @(37.9750 mm, 29.0000 mm): Pad 2 [PDU_0V] of R303 on B.Cu
[unconnected_items]: Missing connection between items
    Local override; error
    @(38.1250 mm, 11.5000 mm): Pad 2 [PDU_0V] of C302 on B.Cu
    @(36.6250 mm, 15.7000 mm): Pad 2 [PDU_0V] of C303 on B.Cu
[unconnected_items]: Missing connection between items
    Local override; error
    @(42.3250 mm, 11.5000 mm): Pad 2 [PDU_0V] of C401 on B.Cu
    @(38.1250 mm, 11.5000 mm): Pad 2 [PDU_0V] of C302 on B.Cu
[unconnected_items]: Missing connection between items
    Local override; error
    @(43.7750 mm, 15.7000 mm): Pad 2 [PDU_0V] of R406 on B.Cu
    @(42.3250 mm, 11.5000 mm): Pad 2 [PDU_0V] of C401 on B.Cu
[unconnected_items]: Missing connection between items
    Local override; error
    @(47.6000 mm, 3.8000 mm): PTH pad 1 [PDU_0V] of J104
    @(49.6000 mm, 8.0000 mm): Pad 1 [PDU_0V] of D401 on B.Cu
[unconnected_items]: Missing connection between items
    Local override; error
    @(48.5000 mm, 20.2750 mm): Pad 8 [PDU_0V] of U204 on F.Cu
    @(49.8250 mm, 15.7000 mm): Pad 2 [PDU_0V] of C403 on B.Cu
[unconnected_items]: Missing connection between items
    Local override; error
    @(48.5000 mm, 20.2750 mm): Pad 8 [PDU_0V] of U204 on F.Cu
    @(49.7750 mm, 25.3000 mm): Pad 2 [PDU_0V] of R405 on B.Cu
[unconnected_items]: Missing connection between items
    Local override; error
    @(49.6000 mm, 8.0000 mm): Pad 1 [PDU_0V] of D401 on B.Cu
    @(51.3250 mm, 11.5000 mm): Pad 2 [PDU_0V] of C402 on B.Cu
[unconnected_items]: Missing connection between items
    Local override; error
    @(49.7750 mm, 25.3000 mm): Pad 2 [PDU_0V] of R405 on B.Cu
    @(51.1750 mm, 29.0000 mm): Pad 2 [PDU_0V] of R403 on B.Cu
[unconnected_items]: Missing connection between items
    Local override; error
    @(49.8250 mm, 15.7000 mm): Pad 2 [PDU_0V] of C403 on B.Cu
    @(51.3250 mm, 11.5000 mm): Pad 2 [PDU_0V] of C402 on B.Cu
[unconnected_items]: Missing connection between items
    Local override; error
    @(49.8250 mm, 15.7000 mm): Pad 2 [PDU_0V] of C403 on B.Cu
    @(43.7750 mm, 15.7000 mm): Pad 2 [PDU_0V] of R406 on B.Cu
[unconnected_items]: Missing connection between items
    Local override; error
    @(51.3250 mm, 11.5000 mm): Pad 2 [PDU_0V] of C402 on B.Cu
    @(55.5250 mm, 11.5000 mm): Pad 2 [PDU_0V] of C501 on B.Cu
[unconnected_items]: Missing connection between items
    Local override; error
    @(56.9750 mm, 15.7000 mm): Pad 2 [PDU_0V] of R506 on B.Cu
    @(55.5250 mm, 11.5000 mm): Pad 2 [PDU_0V] of C501 on B.Cu
[unconnected_items]: Missing connection between items
    Local override; error
    @(60.8000 mm, 3.8000 mm): PTH pad 1 [PDU_0V] of J105
    @(62.8000 mm, 8.0000 mm): Pad 1 [PDU_0V] of D501 on B.Cu
[unconnected_items]: Missing connection between items
    Local override; error
    @(61.7000 mm, 20.2750 mm): Pad 8 [PDU_0V] of U205 on F.Cu
    @(63.0250 mm, 15.7000 mm): Pad 2 [PDU_0V] of C503 on B.Cu
[unconnected_items]: Missing connection between items
    Local override; error
    @(62.9750 mm, 25.3000 mm): Pad 2 [PDU_0V] of R505 on B.Cu
    @(61.7000 mm, 20.2750 mm): Pad 8 [PDU_0V] of U205 on F.Cu
[unconnected_items]: Missing connection between items
    Local override; error
    @(63.0250 mm, 15.7000 mm): Pad 2 [PDU_0V] of C503 on B.Cu
    @(56.9750 mm, 15.7000 mm): Pad 2 [PDU_0V] of R506 on B.Cu
[unconnected_items]: Missing connection between items
    Local override; error
    @(64.3750 mm, 29.0000 mm): Pad 2 [PDU_0V] of R503 on B.Cu
    @(62.9750 mm, 25.3000 mm): Pad 2 [PDU_0V] of R505 on B.Cu
[unconnected_items]: Missing connection between items
    Local override; error
    @(64.5250 mm, 11.5000 mm): Pad 2 [PDU_0V] of C502 on B.Cu
    @(62.8000 mm, 8.0000 mm): Pad 1 [PDU_0V] of D501 on B.Cu
[unconnected_items]: Missing connection between items
    Local override; error
    @(64.5250 mm, 11.5000 mm): Pad 2 [PDU_0V] of C502 on B.Cu
    @(63.0250 mm, 15.7000 mm): Pad 2 [PDU_0V] of C503 on B.Cu
[unconnected_items]: Missing connection between items
    Local override; error
    @(68.7250 mm, 11.5000 mm): Pad 2 [PDU_0V] of C601 on B.Cu
    @(64.5250 mm, 11.5000 mm): Pad 2 [PDU_0V] of C502 on B.Cu
[unconnected_items]: Missing connection between items
    Local override; error
    @(68.7250 mm, 11.5000 mm): Pad 2 [PDU_0V] of C601 on B.Cu
    @(70.1750 mm, 15.7000 mm): Pad 2 [PDU_0V] of R606 on B.Cu
[unconnected_items]: Missing connection between items
    Local override; error
    @(70.1750 mm, 15.7000 mm): Pad 2 [PDU_0V] of R606 on B.Cu
    @(76.2250 mm, 15.7000 mm): Pad 2 [PDU_0V] of C603 on B.Cu
[unconnected_items]: Missing connection between items
    Local override; error
    @(74.0000 mm, 3.8000 mm): PTH pad 1 [PDU_0V] of J106
    @(76.0000 mm, 8.0000 mm): Pad 1 [PDU_0V] of D601 on B.Cu
[unconnected_items]: Missing connection between items
    Local override; error
    @(76.0000 mm, 8.0000 mm): Pad 1 [PDU_0V] of D601 on B.Cu
    @(77.7250 mm, 11.5000 mm): Pad 2 [PDU_0V] of C602 on B.Cu
[unconnected_items]: Missing connection between items
    Local override; error
    @(76.1750 mm, 25.3000 mm): Pad 2 [PDU_0V] of R605 on B.Cu
    @(74.9000 mm, 20.2750 mm): Pad 8 [PDU_0V] of U206 on F.Cu
[unconnected_items]: Missing connection between items
    Local override; error
    @(76.2250 mm, 15.7000 mm): Pad 2 [PDU_0V] of C603 on B.Cu
    @(74.9000 mm, 20.2750 mm): Pad 8 [PDU_0V] of U206 on F.Cu
[unconnected_items]: Missing connection between items
    Local override; error
    @(77.5750 mm, 29.0000 mm): Pad 2 [PDU_0V] of R603 on B.Cu
    @(76.1750 mm, 25.3000 mm): Pad 2 [PDU_0V] of R605 on B.Cu
[unconnected_items]: Missing connection between items
    Local override; error
    @(77.7250 mm, 11.5000 mm): Pad 2 [PDU_0V] of C602 on B.Cu
    @(76.2250 mm, 15.7000 mm): Pad 2 [PDU_0V] of C603 on B.Cu
[unconnected_items]: Missing connection between items
    Local override; error
    @(58.6250 mm, 15.7000 mm): Pad 1 [CH5_ILM] of R506 on B.Cu
    @(61.7000 mm, 20.7250 mm): Pad 9 [CH5_ILM] of U205 on F.Cu
[unconnected_items]: Missing connection between items
    Local override; error
    @(2.7750 mm, 29.0000 mm): Pad 2 [CH1_EN] of R101 on B.Cu
    @(8.8250 mm, 29.0000 mm): Pad 1 [CH1_EN] of R102 on B.Cu
[unconnected_items]: Missing connection between items
    Local override; error
    @(8.8250 mm, 29.0000 mm): Pad 1 [CH1_EN] of R102 on B.Cu
    @(7.2750 mm, 21.3750 mm): Pad 1 [CH1_EN] of U201 on F.Cu
[unconnected_items]: Missing connection between items
    Local override; error
    @(36.3750 mm, 37.9500 mm): Pad 3 [CH1_EN] of J2 on F.Cu
    @(8.8250 mm, 29.0000 mm): Pad 1 [CH1_EN] of R102 on B.Cu
[unconnected_items]: Missing connection between items
    Local override; error
    @(7.1000 mm, 20.7250 mm): Pad 2 [CH1_OV] of U201 on F.Cu
    @(7.1750 mm, 29.0000 mm): Pad 2 [CH1_OV] of R102 on B.Cu
[unconnected_items]: Missing connection between items
    Local override; error
    @(7.1750 mm, 29.0000 mm): Pad 2 [CH1_OV] of R102 on B.Cu
    @(13.2250 mm, 29.0000 mm): Pad 1 [CH1_OV] of R103 on B.Cu
[unconnected_items]: Missing connection between items
    Local override; error
    @(7.1000 mm, 20.2750 mm): Pad 3 [CH1_PG] of U201 on F.Cu
    @(43.8750 mm, 37.9500 mm): Pad 9 [CH1_PG] of J2 on F.Cu
[unconnected_items]: Missing connection between items
    Local override; error
    @(7.1000 mm, 19.8000 mm): Pad 4 [CH1_PGTH] of U201 on F.Cu
    @(4.1750 mm, 25.3000 mm): Pad 2 [CH1_PGTH] of R104 on B.Cu
[unconnected_items]: Missing connection between items
    Local override; error
    @(7.1000 mm, 19.8000 mm): Pad 4 [CH1_PGTH] of U201 on F.Cu
    @(11.8250 mm, 25.3000 mm): Pad 1 [CH1_PGTH] of R105 on B.Cu
[unconnected_items]: Missing connection between items
    Local override; error
    @(5.8250 mm, 25.3000 mm): Pad 1 [BRANCH_1_12V] of R104 on B.Cu
    @(8.2500 mm, 20.5000 mm): Pad 6 [BRANCH_1_12V] of U201 on F.Cu
[unconnected_items]: Missing connection between items
    Local override; error
    @(8.2500 mm, 20.5000 mm): Pad 6 [BRANCH_1_12V] of U201 on F.Cu
    @(13.2750 mm, 11.5000 mm): Pad 1 [BRANCH_1_12V] of C102 on B.Cu
[unconnected_items]: Missing connection between items
    Local override; error
    @(11.9600 mm, 3.8000 mm): PTH pad 2 [BRANCH_1_12V] of J101
    @(6.0000 mm, 8.0000 mm): Pad 2 [BRANCH_1_12V] of D101 on B.Cu
[unconnected_items]: Missing connection between items
    Local override; error
    @(13.2750 mm, 11.5000 mm): Pad 1 [BRANCH_1_12V] of C102 on B.Cu
    @(11.9600 mm, 3.8000 mm): PTH pad 2 [BRANCH_1_12V] of J101
[unconnected_items]: Missing connection between items
    Local override; error
    @(11.7750 mm, 15.7000 mm): Pad 1 [CH1_DVDT] of C103 on B.Cu
    @(8.7250 mm, 19.6250 mm): Pad 7 [CH1_DVDT] of U201 on F.Cu
[unconnected_items]: Missing connection between items
    Local override; error
    @(5.8250 mm, 15.7000 mm): Pad 1 [CH1_ILM] of R106 on B.Cu
    @(8.9000 mm, 20.7250 mm): Pad 9 [CH1_ILM] of U201 on F.Cu
[unconnected_items]: Missing connection between items
    Local override; error
    @(32.2250 mm, 25.3000 mm): Pad 1 [BRANCH_3_12V] of R304 on B.Cu
    @(34.6500 mm, 20.5000 mm): Pad 6 [BRANCH_3_12V] of U203 on F.Cu
[unconnected_items]: Missing connection between items
    Local override; error
    @(34.6500 mm, 20.5000 mm): Pad 6 [BRANCH_3_12V] of U203 on F.Cu
    @(39.6750 mm, 11.5000 mm): Pad 1 [BRANCH_3_12V] of C302 on B.Cu
[unconnected_items]: Missing connection between items
    Local override; error
    @(38.3600 mm, 3.8000 mm): PTH pad 2 [BRANCH_3_12V] of J103
    @(32.4000 mm, 8.0000 mm): Pad 2 [BRANCH_3_12V] of D301 on B.Cu
[unconnected_items]: Missing connection between items
    Local override; error
    @(39.6750 mm, 11.5000 mm): Pad 1 [BRANCH_3_12V] of C302 on B.Cu
    @(38.3600 mm, 3.8000 mm): PTH pad 2 [BRANCH_3_12V] of J103
[unconnected_items]: Missing connection between items
    Local override; error
    @(71.8250 mm, 25.3000 mm): Pad 1 [BRANCH_6_12V] of R604 on B.Cu
    @(74.2500 mm, 20.5000 mm): Pad 6 [BRANCH_6_12V] of U206 on F.Cu
[unconnected_items]: Missing connection between items
    Local override; error
    @(74.2500 mm, 20.5000 mm): Pad 6 [BRANCH_6_12V] of U206 on F.Cu
    @(79.2750 mm, 11.5000 mm): Pad 1 [BRANCH_6_12V] of C602 on B.Cu
[unconnected_items]: Missing connection between items
    Local override; error
    @(77.9600 mm, 3.8000 mm): PTH pad 2 [BRANCH_6_12V] of J106
    @(72.0000 mm, 8.0000 mm): Pad 2 [BRANCH_6_12V] of D601 on B.Cu
[unconnected_items]: Missing connection between items
    Local override; error
    @(79.2750 mm, 11.5000 mm): Pad 1 [BRANCH_6_12V] of C602 on B.Cu
    @(77.9600 mm, 3.8000 mm): PTH pad 2 [BRANCH_6_12V] of J106
[unconnected_items]: Missing connection between items
    Local override; error
    @(19.0250 mm, 25.3000 mm): Pad 1 [BRANCH_2_12V] of R204 on B.Cu
    @(21.4500 mm, 20.5000 mm): Pad 6 [BRANCH_2_12V] of U202 on F.Cu
[unconnected_items]: Missing connection between items
    Local override; error
    @(21.4500 mm, 20.5000 mm): Pad 6 [BRANCH_2_12V] of U202 on F.Cu
    @(26.4750 mm, 11.5000 mm): Pad 1 [BRANCH_2_12V] of C202 on B.Cu
[unconnected_items]: Missing connection between items
    Local override; error
    @(25.1600 mm, 3.8000 mm): PTH pad 2 [BRANCH_2_12V] of J102
    @(19.2000 mm, 8.0000 mm): Pad 2 [BRANCH_2_12V] of D201 on B.Cu
[unconnected_items]: Missing connection between items
    Local override; error
    @(26.4750 mm, 11.5000 mm): Pad 1 [BRANCH_2_12V] of C202 on B.Cu
    @(25.1600 mm, 3.8000 mm): PTH pad 2 [BRANCH_2_12V] of J102
[unconnected_items]: Missing connection between items
    Local override; error
    @(15.9750 mm, 29.0000 mm): Pad 2 [CH2_EN] of R201 on B.Cu
    @(22.0250 mm, 29.0000 mm): Pad 1 [CH2_EN] of R202 on B.Cu
[unconnected_items]: Missing connection between items
    Local override; error
    @(22.0250 mm, 29.0000 mm): Pad 1 [CH2_EN] of R202 on B.Cu
    @(20.4750 mm, 21.3750 mm): Pad 1 [CH2_EN] of U202 on F.Cu
[unconnected_items]: Missing connection between items
    Local override; error
    @(37.6250 mm, 37.9500 mm): Pad 4 [CH2_EN] of J2 on F.Cu
    @(22.0250 mm, 29.0000 mm): Pad 1 [CH2_EN] of R202 on B.Cu
[unconnected_items]: Missing connection between items
    Local override; error
    @(20.3000 mm, 20.7250 mm): Pad 2 [CH2_OV] of U202 on F.Cu
    @(20.3750 mm, 29.0000 mm): Pad 2 [CH2_OV] of R202 on B.Cu
[unconnected_items]: Missing connection between items
    Local override; error
    @(20.3750 mm, 29.0000 mm): Pad 2 [CH2_OV] of R202 on B.Cu
    @(26.4250 mm, 29.0000 mm): Pad 1 [CH2_OV] of R203 on B.Cu
[unconnected_items]: Missing connection between items
    Local override; error
    @(20.3000 mm, 20.2750 mm): Pad 3 [CH2_PG] of U202 on F.Cu
    @(45.1250 mm, 37.9500 mm): Pad 10 [CH2_PG] of J2 on F.Cu
[unconnected_items]: Missing connection between items
    Local override; error
    @(20.3000 mm, 19.8000 mm): Pad 4 [CH2_PGTH] of U202 on F.Cu
    @(17.3750 mm, 25.3000 mm): Pad 2 [CH2_PGTH] of R204 on B.Cu
[unconnected_items]: Missing connection between items
    Local override; error
    @(20.3000 mm, 19.8000 mm): Pad 4 [CH2_PGTH] of U202 on F.Cu
    @(25.0250 mm, 25.3000 mm): Pad 1 [CH2_PGTH] of R205 on B.Cu
[unconnected_items]: Missing connection between items
    Local override; error
    @(24.9750 mm, 15.7000 mm): Pad 1 [CH2_DVDT] of C203 on B.Cu
    @(21.9250 mm, 19.6250 mm): Pad 7 [CH2_DVDT] of U202 on F.Cu
[unconnected_items]: Missing connection between items
    Local override; error
    @(19.0250 mm, 15.7000 mm): Pad 1 [CH2_ILM] of R206 on B.Cu
    @(22.1000 mm, 20.7250 mm): Pad 9 [CH2_ILM] of U202 on F.Cu
[unconnected_items]: Missing connection between items
    Local override; error
    @(29.1750 mm, 29.0000 mm): Pad 2 [CH3_EN] of R301 on B.Cu
    @(35.2250 mm, 29.0000 mm): Pad 1 [CH3_EN] of R302 on B.Cu
[unconnected_items]: Missing connection between items
    Local override; error
    @(35.2250 mm, 29.0000 mm): Pad 1 [CH3_EN] of R302 on B.Cu
    @(33.6750 mm, 21.3750 mm): Pad 1 [CH3_EN] of U203 on F.Cu
[unconnected_items]: Missing connection between items
    Local override; error
    @(38.8750 mm, 37.9500 mm): Pad 5 [CH3_EN] of J2 on F.Cu
    @(35.2250 mm, 29.0000 mm): Pad 1 [CH3_EN] of R302 on B.Cu
[unconnected_items]: Missing connection between items
    Local override; error
    @(42.3750 mm, 29.0000 mm): Pad 2 [CH4_EN] of R401 on B.Cu
    @(48.4250 mm, 29.0000 mm): Pad 1 [CH4_EN] of R402 on B.Cu
[unconnected_items]: Missing connection between items
    Local override; error
    @(42.3750 mm, 29.0000 mm): Pad 2 [CH4_EN] of R401 on B.Cu
    @(40.1250 mm, 37.9500 mm): Pad 6 [CH4_EN] of J2 on F.Cu
[unconnected_items]: Missing connection between items
    Local override; error
    @(48.4250 mm, 29.0000 mm): Pad 1 [CH4_EN] of R402 on B.Cu
    @(46.8750 mm, 21.3750 mm): Pad 1 [CH4_EN] of U204 on F.Cu
[unconnected_items]: Missing connection between items
    Local override; error
    @(42.6250 mm, 37.9500 mm): Pad 8 [CH6_EN] of J2 on F.Cu
    @(68.7750 mm, 29.0000 mm): Pad 2 [CH6_EN] of R601 on B.Cu
[unconnected_items]: Missing connection between items
    Local override; error
    @(68.7750 mm, 29.0000 mm): Pad 2 [CH6_EN] of R601 on B.Cu
    @(74.8250 mm, 29.0000 mm): Pad 1 [CH6_EN] of R602 on B.Cu
[unconnected_items]: Missing connection between items
    Local override; error
    @(74.8250 mm, 29.0000 mm): Pad 1 [CH6_EN] of R602 on B.Cu
    @(73.2750 mm, 21.3750 mm): Pad 1 [CH6_EN] of U206 on F.Cu
[unconnected_items]: Missing connection between items
    Local override; error
    @(33.5000 mm, 20.2750 mm): Pad 3 [CH3_PG] of U203 on F.Cu
    @(46.3750 mm, 37.9500 mm): Pad 11 [CH3_PG] of J2 on F.Cu
[unconnected_items]: Missing connection between items
    Local override; error
    @(46.7000 mm, 20.2750 mm): Pad 3 [CH4_PG] of U204 on F.Cu
    @(47.6250 mm, 37.9500 mm): Pad 12 [CH4_PG] of J2 on F.Cu
[unconnected_items]: Missing connection between items
    Local override; error
    @(50.1250 mm, 37.9500 mm): Pad 14 [CH6_PG] of J2 on F.Cu
    @(73.1000 mm, 20.2750 mm): Pad 3 [CH6_PG] of U206 on F.Cu
[unconnected_items]: Missing connection between items
    Local override; error
    @(33.5000 mm, 20.7250 mm): Pad 2 [CH3_OV] of U203 on F.Cu
    @(33.5750 mm, 29.0000 mm): Pad 2 [CH3_OV] of R302 on B.Cu
[unconnected_items]: Missing connection between items
    Local override; error
    @(33.5750 mm, 29.0000 mm): Pad 2 [CH3_OV] of R302 on B.Cu
    @(39.6250 mm, 29.0000 mm): Pad 1 [CH3_OV] of R303 on B.Cu
[unconnected_items]: Missing connection between items
    Local override; error
    @(33.5000 mm, 19.8000 mm): Pad 4 [CH3_PGTH] of U203 on F.Cu
    @(30.5750 mm, 25.3000 mm): Pad 2 [CH3_PGTH] of R304 on B.Cu
[unconnected_items]: Missing connection between items
    Local override; error
    @(33.5000 mm, 19.8000 mm): Pad 4 [CH3_PGTH] of U203 on F.Cu
    @(38.2250 mm, 25.3000 mm): Pad 1 [CH3_PGTH] of R305 on B.Cu
[unconnected_items]: Missing connection between items
    Local override; error
    @(38.1750 mm, 15.7000 mm): Pad 1 [CH3_DVDT] of C303 on B.Cu
    @(35.1250 mm, 19.6250 mm): Pad 7 [CH3_DVDT] of U203 on F.Cu
[unconnected_items]: Missing connection between items
    Local override; error
    @(32.2250 mm, 15.7000 mm): Pad 1 [CH3_ILM] of R306 on B.Cu
    @(35.3000 mm, 20.7250 mm): Pad 9 [CH3_ILM] of U203 on F.Cu
[unconnected_items]: Missing connection between items
    Local override; error
    @(45.4250 mm, 25.3000 mm): Pad 1 [BRANCH_4_12V] of R404 on B.Cu
    @(47.8500 mm, 20.5000 mm): Pad 6 [BRANCH_4_12V] of U204 on F.Cu
[unconnected_items]: Missing connection between items
    Local override; error
    @(47.8500 mm, 20.5000 mm): Pad 6 [BRANCH_4_12V] of U204 on F.Cu
    @(52.8750 mm, 11.5000 mm): Pad 1 [BRANCH_4_12V] of C402 on B.Cu
[unconnected_items]: Missing connection between items
    Local override; error
    @(51.5600 mm, 3.8000 mm): PTH pad 2 [BRANCH_4_12V] of J104
    @(45.6000 mm, 8.0000 mm): Pad 2 [BRANCH_4_12V] of D401 on B.Cu
[unconnected_items]: Missing connection between items
    Local override; error
    @(52.8750 mm, 11.5000 mm): Pad 1 [BRANCH_4_12V] of C402 on B.Cu
    @(51.5600 mm, 3.8000 mm): PTH pad 2 [BRANCH_4_12V] of J104
[unconnected_items]: Missing connection between items
    Local override; error
    @(46.7000 mm, 20.7250 mm): Pad 2 [CH4_OV] of U204 on F.Cu
    @(46.7750 mm, 29.0000 mm): Pad 2 [CH4_OV] of R402 on B.Cu
[unconnected_items]: Missing connection between items
    Local override; error
    @(46.7750 mm, 29.0000 mm): Pad 2 [CH4_OV] of R402 on B.Cu
    @(52.8250 mm, 29.0000 mm): Pad 1 [CH4_OV] of R403 on B.Cu
[unconnected_items]: Missing connection between items
    Local override; error
    @(46.7000 mm, 19.8000 mm): Pad 4 [CH4_PGTH] of U204 on F.Cu
    @(43.7750 mm, 25.3000 mm): Pad 2 [CH4_PGTH] of R404 on B.Cu
[unconnected_items]: Missing connection between items
    Local override; error
    @(46.7000 mm, 19.8000 mm): Pad 4 [CH4_PGTH] of U204 on F.Cu
    @(51.4250 mm, 25.3000 mm): Pad 1 [CH4_PGTH] of R405 on B.Cu
[unconnected_items]: Missing connection between items
    Local override; error
    @(51.3750 mm, 15.7000 mm): Pad 1 [CH4_DVDT] of C403 on B.Cu
    @(48.3250 mm, 19.6250 mm): Pad 7 [CH4_DVDT] of U204 on F.Cu
[unconnected_items]: Missing connection between items
    Local override; error
    @(45.4250 mm, 15.7000 mm): Pad 1 [CH4_ILM] of R406 on B.Cu
    @(48.5000 mm, 20.7250 mm): Pad 9 [CH4_ILM] of U204 on F.Cu
[unconnected_items]: Missing connection between items
    Local override; error
    @(73.1000 mm, 20.7250 mm): Pad 2 [CH6_OV] of U206 on F.Cu
    @(73.1750 mm, 29.0000 mm): Pad 2 [CH6_OV] of R602 on B.Cu
[unconnected_items]: Missing connection between items
    Local override; error
    @(73.1750 mm, 29.0000 mm): Pad 2 [CH6_OV] of R602 on B.Cu
    @(79.2250 mm, 29.0000 mm): Pad 1 [CH6_OV] of R603 on B.Cu
[unconnected_items]: Missing connection between items
    Local override; error
    @(73.1000 mm, 19.8000 mm): Pad 4 [CH6_PGTH] of U206 on F.Cu
    @(70.1750 mm, 25.3000 mm): Pad 2 [CH6_PGTH] of R604 on B.Cu
[unconnected_items]: Missing connection between items
    Local override; error
    @(73.1000 mm, 19.8000 mm): Pad 4 [CH6_PGTH] of U206 on F.Cu
    @(77.8250 mm, 25.3000 mm): Pad 1 [CH6_PGTH] of R605 on B.Cu
[unconnected_items]: Missing connection between items
    Local override; error
    @(77.7750 mm, 15.7000 mm): Pad 1 [CH6_DVDT] of C603 on B.Cu
    @(74.7250 mm, 19.6250 mm): Pad 7 [CH6_DVDT] of U206 on F.Cu
[unconnected_items]: Missing connection between items
    Local override; error
    @(71.8250 mm, 15.7000 mm): Pad 1 [CH6_ILM] of R606 on B.Cu
    @(74.9000 mm, 20.7250 mm): Pad 9 [CH6_ILM] of U206 on F.Cu

** Found 0 Footprint errors **

** Ignored checks **
    - Footprint has no courtyard defined
    - Track endpoint not centered on via
    - Tuning profile track geometries
    - Footprint doesn't match symbol's footprint filters
    - Footprint component type doesn't match footprint pads

** End of Report **
