Drill report for hr30-carrier-b-p0.1.kicad_pcb
Created on 2026-08-15T02:07:50

Copper Layer Stackup:
    =============================================================
    L1 :  F.Cu                      front
    L2 :  In1.Cu                    in1
    L3 :  In2.Cu                    in2
    L4 :  In3.Cu                    in3
    L5 :  In4.Cu                    in4
    L6 :  B.Cu                      back


Drill file 'hr30-carrier-b-p0.1-PTH.drl' contains
    plated through holes:
    =============================================================
    T1  0.150mm  0.0059"  (132 holes))

    Total plated holes count 132


Drill file 'hr30-carrier-b-p0.1-NPTH.drl' contains
    unplated through holes:
    =============================================================
    T1  2.700mm  0.1063"  (4 holes))

    Total unplated holes count 4
